[    0.000000] Initializing cgroup subsys cpuset
[    0.000000] Initializing cgroup subsys cpu
[    0.000000] Initializing cgroup subsys cpuacct
[    0.000000] Linux version 4.4.0-128-generic (buildd@lcy01-amd64-019) (gcc version 5.4.0 20160609 (Ubtu 5.4.0-6ubuntu1~16.4.9) ) #154-Ubuntu SMP Fri May 25 14:15:18 UTC 2018 (Ubuntu 4.4.0-128.154-generic 4.4.131)
[    0.000000] Commandline: BOOT_IIMAGE=/boot/vmlinuz-4.4.0-128-generic root=LABEL=cloudimg-rootfs ro consle=tty1 console=ttyS0
[    0.000000] KERNEL supported cpus:
[    0.00000]   Intel GenuineIntel
[    0.000000]   AMD AuthenticAMD
[    0.000000]   Centaur CentaurHauls
[    0.000000] x86/fpu: xstate_offset[2]:  576, xstate_sizes[2]:  256
[    0.000000] x86/fpu: Supporting XSAVE feature 0x01: 'x87 floating point registers'
[    0.000000] x86/fpu: Supporting XSAVE feature 0x02: 'SSE registers'
[    0.000000] x86/fpu: Supporting XSAVE feature 0x04: 'AVX registers'
[    0.000000] x86/fpu: Enabled xstate features 0x7, context size is 832 bytes, using 'standard' format.
[    0.000000] x86/fpu: Using 'lazy' FPU context switches.
[    0.000000] e820: BIOS-provided physical RAM map:
[    0.000000] BIOS-e820: [mem 0x0000000000000000-0x000000000009fbff] usable
[    0.000000] BIOS-e820: [mem 0x000000000009fc00-0x000000000009ffff] resved
[    0.000000] BIOS-e820: [mem 0x00000000000f0000-0x00000000000fffff] reserved
[    0.000000] BIOS-e820: [mem 0x0000000000100000-0x000000003ffeffff] usable
[    0.000000] BIOS-e820: [mem 0x000000003fff0000-0x000000003fffffff] ACPI data
[    0.000000] BIOS-e820: [mem 0x00000000fec00000-0x00000000fec00fff] reserv
[    0.000000] BIOS-e820: [mem 0x00000000fee00000-0x00000000fee00fff] reserved
[    0.000000] BIOS-e82 [m 0x00000000ff00-0x00000000ffffffff] reserved
[    0.000000] NX (Execute Disable) protection: active
[    0.000000] SMBIOS 2.5 present.
[    0.000000] Hypvir deecd: KV
[  0.0000] e820: last_pfn = 0x3ff m_arch_pfn = 0x400000000
[    0.000000] MTRR: Disabled
[    0.000000] x86/PAT: MTRRs disabled, skipping PAT initialization too.
[    0.000000] CPU MTRRs all bnk virtualized system.
[    0000] x86/PAT: Configuration [0-7]: WB  WT  UC- UC  WB  WT  UC- UC  
[    0.000000] found SMP MP-table at [mem 0x0009fff0-0x0009ffff] mapped at [ffff880009f0]
[    0.000] Scanning 1 areas for lw memy rruption
[  000000] RAMDISK: [mem 0x36aa4000-0x37549fff]
[    0.000000] ACPI: Early tablchecksu verification disabled
[  0.0000] CP RSDP x0000000000000 000024 (v02 VBOX  )
[    0.000000] ACPI: XSDT0x000000003FFF0030 00003C (v01 VBOX   VBOXXSDT 00000001 ASL  00000061)
[    0.000000] ACPI: FACP 0x000003FFF00F0 000F4 (04BOX   VBOXFAC 000001 ASL  00000061)
[   .0000] ACPI: DSDT 0x000000003FFF070 021FF (v2 OX   VBOXBOS00000002 INTL 20100528)
[   0.0000 ACPI: FACS 0x000000003FFF0200 000040
[    0.000000] ACI: FACS 0x000000003FFF0200 000040
[    0.000000] API: APIC 0x000000003FFF0240 00005C (v02 VBOX   VBOXAPIC 00000001 ASL  000000)
[    0.000000] ACPI: SSDT 0x000000003FFF02A0 0001CC (v01 VBOX   VBOXCPUT 00000002 INTL 20100528)
[    0.000000 No NUMA configuration found
[    0.000000] Faking a node at [mem 0x0000000000000000-0x000000003ffeffff]
[    0.000000] NODE_DATA(0)llcated [mem 0x3eb00-x3ffefff
   0000000] kvm-clock: Using msrsb564d01 and 4b564d00
[    0.000000] kvm-clock: cpu 0, msr 0:3ffe3001, primary cpu clock
[    0.00000] kvm-clock using sched offset of 4191761409 cycles
[    0.000000] clocksource: kvm-clock: mask: 0xffffffffffffffff max_cycles: 0x1cd42e4dffb, max_idle_ns: 881590591483 ns
[    0.000000] Zone ranges:
[    0.000000]   DMA      [mem 0x0000000000001000-0x0000000000ffffff]
[    0.000000]   DMA32    [mem 0x0000000001000000-0x000000003ffefff]
[  000000]   Norma  pty
[    0.000000]   Device   empty
[    0.000000] Movable zone start for each node
[    0.000000] Early memory node ranges
[    0.000000]   node   0: [mem 0x0000000000001000-0x000000000009efff]
[    0.000000]   node   0: [mem 0x0000000000100000-0x000000003ffeffff]
[    0.000000] Initmem setup node 0 [mem 0x0000000000001000-0x000000003ffeffff]
[    0.000000] ACPI: PM-Timer IO Port: 0x4008
[    0.000000] IOAPIC[0]: apic_id 2, version 32, address 0xfec00000, GSI 0-23
[    0.000000] ACPI: INT_SRC_OVR (bus 0 bus_irq 0 global_irq 2 dfl dfl)
[    0.000000] ACPI: INT_SRC_OVR (bus 0 bus_irq 9 global_irq 9 low level)
[    0.000000] Using ACPI (MADT) for SMP configuration information
[    0.000000] smpboot: Allowing 2 CPUs, 0 hotplug CPUs
[    0.000000] PM: Registered nosave memory: [mem 0x00000000-0000ff]
[    0000] PM: Regiser nsave memory: [m 0009f000-0x0009ffff]
[    0.000000] PM: Registered nosave memory: [mem 0x000a0000-0x000effff]
[    0.000000] PM: Registered nosavemery: [mem 0x000f0000-0x000ffff]
[    0.000000] e820: [mem 0x40000000-0xfebfffff] available for PCI devices
[    0.000000] Booting paravtualized kernel on KVM
[    0.0000000] clocksource: refined-jiffies: mask: 0xffffffff max_cycles: 0xffffffff, max_idle_ns: 7645519600211568 ns
[    0.000000] setup_percpu: NR_CPUS:512 nr_cpumask_bits:512 nr_cpu_ids:2 nr_node_ids:1
[    0.000000] PERCPU: Embedded 34 pages/cpu @ffff003fc00000 s99544 r892 d315 u1048576
[    0.000000] PV qspinlock hash table entries: 256 (order: 0, 4096 bytes)
[    0.000000] Built 1 zonelists in Node order, mobility grouping on.  Total pages: 257912
[    0.000000] Policy zone: DMA32
[    0.000000] Kernel command line: BOOT_IMAGE=/boot/vmlinuz-4.4.0-128-generic root=LABEL=cloudimg-rootfs ro console=tty1 console=ttyS0
[    0.000000] PID hash table entries: 4096 (order: 3, 32768 bytes)
[    0.00000] emory: 00616K/1048120K available (8541K kernel code, 1313K rwdata, 4000K rodata, 1512K init, 1316K bss, 46504K reserved, 0K cma-reserved)
[    0000] SLUB: HWalign=64, Order=0-3, MinObjects=0,PU2, Nodes=1
[    0.000000] Kernel/er page tables isolation: abled
[    0.000000] Hierarchical RU implementation.
[  0000000] 	Build-time adjustment of leaf fanout to 64.
[    0.000000] 	RCU restricting CPUs from NR_CPUS=512 to nr_cpu_ids=2.
[    0.000000] RCU: Adjusting geometry for rcu_fanout_leaf=64, nr_cpu_ids=2
[    0.000000] NR_IRQS:33024 nr_irqs:440 16
[    0.000000] Console: colour VGA+ 80x25
[    0.000000] console [tty1] enabled
[    0.000000] console [ttyS0] enabled
[    0.000000] tsc: Detected 30000 MHz processor
[    3.094399] Calibrating delay loop (skipped) preset value.. 4608.00 BogoMIPS (lpj=9216000)
[    3.095996] pid_max: default: 32768 minimum: 301
[    3.132352] ACPI: Core revision 20150930
[    3.136494] ACPI: 2 ACPI AML tables successfully acquired and loaded
[    3.158011] Security Framework initialized
[    3.164530] Yama: becoming mindful.
[    3.182822] AppArmor: AppArmor initialized
[    3.184554] Dentry cache hash table entries: 131072 (order: 8, 1048576 bytes)
[    3.192012] Inode-cache hash table entries: 65536 (order: 7, 524288 bytes)
[    3.247502] Mount-cache hash table entries: 2048 (order: 2, 16384 bytes)
[    3.276180] Mountpoint-cache hash table entries: 2048 (order: 2, 16384 bytes)
[    3.277550] Initializing cgroup subsys io
[    3.284818] Initializing cgroup subsys memory
[    3.303585] Initializing cgroup subsys devices
[    3.323883] Initializing cgroup subsys freezer
[    3.325121] Initializing cgroup subsys net_cls
[    3.327022] Initializing cgroup subsys perf_event
[    3.339843] Initializing cgroup subsys net_prio
[    3.340716] Initializing cgroup subsys hugetlb
[    3.341563] Initializing cgroup subsys pids
[    3.342295] CPU: Physical Processor ID: 0
[    3.343182] CPU: Processor Core ID: 0
[    3.344854] mce: CPU supports 0 MCE banks
[    3.345769] Last level iTLB entries: 4KB 64, 2MB 8, 4MB 8
[    3.346875] Last level dTLB entries: 4KB 64, 2MB 0, 4MB 0, 1GB 4
[    3.407365] Spectre V2 : Mitigation: Full generic retpoline
[    3.414797] Spectre V2 : Speculation control IBPB not-supported IBRS not-supported
[    3.422362] Spectre V2 : Filling RSB on context switch
[    3.430700] Speculative Store Bypass: Vulnerable
[    3.442478] Freeing SMP alternatives memory: 32K
[    3.461264] ftrace: allocating 32236 entries in 126 pages
[    3.531892] smpboot: APIC(0) Converting physical 0 to logical package 0
[    3.539357] smpboot: Max logical packages: 1
[    3.542096] x2apic enabled
[    3.544019] Switched APIC routing to physical x2apic.
[    3.558608] ..TIMER: vector=0x30 apic1=0 pin1=2 apic2=-1 pin2=-1
[    3.665878] smpboot: CPU0: Intel(R) Core(TM) i5-7360U CPU @ 2.30GHz (family: 0x6, model: 0x8e, stepping: 0x9)
[    3.700751] Performance Events: unsupported p6 CPU model 142 no PMU driver, software events only.
[    3.704740] KVM setup paravirtual spinlock
[    3.706134] x86: Booting SMP configuration:
[    3.713005] .... node  #0, CPUs:      #1
[    3.717779] kvm-clock: cpu 1, msr 0:3ffe3041, secondary cpu clock
[    3.731024] mce: CPU supports 0 MCE banks
[    3.743267] x86: Booted up 1 node, 2 CPUs
[    3.750189] smpboot: Total of 2 processors activated (9216.00 BogoMIPS)
[    3.757037] devtmpfs: initialized
[    3.768628] evm: security.selinux
[    3.770177] evm: security.SMACK64
[    3.772945] evm: security.SMACK64EXEC
[    3.773676] evm: security.SMACK64TRANSMUTE
[    3.774462] evm: security.SMACK64MMAP
[    3.775196] evm: security.ima
[    3.775823] evm: security.capability
[    3.782441] clocksource: jiffies: mask: 0xffffffff max_cycles: 0xffffffff, max_idle_ns: 7645041785100000 ns
[    3.787735] futex hash table entries: 512 (order: 3, 32768 bytes)
[    3.804198] pinctrl core: initialized pinctrl subsystem
[    3.827187] RTC time:  7:14:15, date: 06/29/18
[    3.835144] NET: Registered protocol family 16
[    3.847584] cpuidle: using governor ladder
[    3.871454] cpuidle: using governor menu
[    3.884765] PCCT header not found.
[    3.886485] ACPI: bus type PCI registered
[    3.894144] acpiphp: ACPI Hot Plug PCI Controller Driver version: 0.5
[    3.919676] PCI: Using configuration type 1 for base access
[    3.944996] ACPI: Added _OSI(Module Device)
[    3.952638] ACPI: Added _OSI(Processor Device)
[    3.954193] ACPI: Added _OSI(3.0 _SCP Extensions)
[    3.957034] ACPI: Added _OSI(Processor Aggregator Device)
[    3.958575] ACPI: Executed 1 blocks of module-level executable AML code
[    3.961389] ACPI: Interpreter enabled
[    3.962126] ACPI: (supports S0 S5)
[    3.962816] ACPI: Using IOAPIC for interrupt routing
[    3.963902] PCI: Using host bridge windows from ACPI; if necessary, use "pci=nocrs" and report a bug
[    3.975305] ACPI: PCI Root Bridge [PCI0] (domain 0000 [bus 00-ff])
[    3.987735] acpi PNP0A03:00: _OSC: OS supports [ASPM ClockPM Segments MSI]
[    3.996835] acpi PNP0A03:00: _OSC: not requesting OS control; OS requires [ExtendedConfig ASPM ClockPM MSI]
[    4.004274] acpi PNP0A03:00: fail to add MMCONFIG information, can't access extended PCI configuration space under this bridge.
[    4.028435] PCI host bridge to bus 0000:00
[    4.041809] pci_bus 0000:00: root bus resource [io  0x0000-0x0cf7 window]
[    4.043019] pci_bus 0000:00: root bus resource [io  0x0d00-0xffff window]
[    4.094197] pci_bus 0000:00: root bus resource [mem 0x000a0000-0x000bffff window]
[    4.166626] pci_bus 0000:00: root bus resource [mem 0x40000000-0xfdffffff window]
[    4.187089] pci_bus 0000:00: root bus resource [bus 00-ff]
[    4.243540] pci 0000:00:01.1: legacy IDE quirk: reg 0x10: [io  0x01f0-0x01f7]
[    4.292018] pci 0000:00:01.1: legacy IDE quirk: reg 0x14: [io  0x03f6]
[    4.320808] pci 0000:00:01.1: legacy IDE quirk: reg 0x18: [io  0x0170-0x0177]
[    4.342298] pci 0000:00:01.1: legacy IDE quirk: reg 0x1c: [io  0x0376]
[    4.364251] pci 0000:00:07.0: quirk: [io  0x4000-0x403f] claimed by PIIX4 ACPI
[    4.419384] pci 0000:00:07.0: quirk: [io  0x4100-0x410f] claimed by PIIX4 SMB
[    4.428096] ACPI: PCI Interrupt Link [LNKA] (IRQs 5 9 10 *11)
[    4.436449] ACPI: PCI Interrupt Link [LNKB] (IRQs 5 9 *10 11)
[    4.468657] ACPI: PCI Interrupt Link [LNKC] (IRQs 5 *9 10 11)
[    4.496112] ACPI: PCI Interrupt Link [LNKD] (IRQs 5 9 10 *11)
[    4.504724] ACPI: Enabled 2 GPEs in block 00 to 07
[    4.505958] vgaarb: setting as boot device: PCI:0000:00:02.0
[    4.525745] vgaarb: device added: PCI:0000:00:02.0,decodes=io+mem,owns=io+mem,locks=none
[    4.585124] vgaarb: loaded
[    4.586561] vgaarb: bridge control possible 0000:00:02.0
[    4.608217] SCSI subsystem initialized
[    4.609304] ACPI: bus type USB registered
[    4.642458] usbcore: registered new interface driver usbfs
[    4.643461] usbcore: registered new interface driver hub
[    4.644440] usbcore: registered new device driver usb
[    4.646805] PCI: Using ACPI for IRQ routing
[    4.653794] NetLabel: Initializing
[    4.656025] NetLabel:  domain hash size = 128
[    4.694754] NetLabel:  protocols = UNLABELED CIPSOv4
[    4.710045] NetLabel:  unlabeled traffic allowed by default
[    4.730343] amd_nb: Cannot enumerate AMD northbridges
[    4.742418] clocksource: Switched to clocksource kvm-clock
[    4.749966] AppArmor: AppArmor Filesystem Enabled
[   4.5874 p: P PIini
[  5972] pnp: PnP ACPI: found 3 devices

[  5471] clocksourc: pim: mas 0xffffff max_cycles: 0xffffff, max_idle_ns: 2085701024 ns
[   .554266] NET: Registered protocol family 2

[    5.604223] TCP established hash table entries: 8192 (order: 4, 65536 bytes)
[    5.05471] TCP bind hash table entries: 8192 (order: 5, 131072 bytes)
[    5.638066] TCP: Hash tables configured (established 8192 bind 8192)
[    5.639593] UDP hash table entries: 512 (order: 2, 16384 bytes)
[    5.640797] UDP-Lite hash table entries: 512 (order: 2, 16384 bytes)
[   5.641831] NET: Registered protocol family 1
[    5.668951] pci 0000:00:00.0: Limiting direct PCI/PCI transfers
[    5.670394] pci 0000:00:01.0: Activating ISA DMA ng workarounds
[    5.727685] Unpacking initramfs...

[    7.415983] Freeing initrd memory: 10904K
[    7.440918] platform rtc_cmos: registered platform RTC device (no PNP device found)
[    7.491326] Scanning for low memory corruption every 60 seconds
[    7.492921] audit: initializing netlink subsys (disabled)
[    7.499448] audit: type=2000 audit(1530256459.904:1): initialized
[    7.524803] Initialise system trusted keyring
[    7.525900] HugeTLB registered 2 MB page size, pre-allocated 0 pages
[    7.540829] zbud: loaded
[    7.542327] VFS: Disk quotas dquot_6.6.0
[    7.555114] VFS: Dquot-cache hash table entries: 512 (order 0, 4096 bytes)
[    7.573225] squashfs: version 4.0 (2009/01/31) Phillip Lougher
[    7.595755] fuse init (API version 7.23)
[    7.6233] y pebig_key registered
[  7.8002] AlocinIMA MOK and blacksteyrings.

[    8.097305] Key type asymmetric registered
[    8.098122] Asymmetric key parser 'x509' registered
[    8.099122] Block layer SCSI generic (bsg) driver version 0.4 loaded (major 249)
[    8.100607] io scheduler noop registered
[    8.101404] io scheduler deadline registered (default)
[    8.102385] io scheduler cfq registered
[    8.103573] pci_hotplug: PCI Hot Plug PCI Core version: 0.5
[    8.159250] pciehp: PCI Express Hot Plug Controller Driver version: 0.4
[    8.175911] ACPI: AC Adapter [AC] (on-line)
[    8.191448] input: Power Button as /devices/LNXSYSTM:00/LNXPWRBN:00/input/input0
[    8.198493] ACPI: Power Button [PWRF]
[    8.219489] input: Sleep Button as /devices/LNXSYSTM:00/LNXSLPBN:00/input/input1
[    8.259178] ACPI: Sleep Button [SLPF]
[    8.271369] GHES: HET  no ebled![  891525] tsc: Refined TSC clocksource calraon: 23091 MHz
[    8.800933] clocksource: tsc:ask: 0xffffffffffffffff max_cycles: 0x2131faa1445, max_idle_ns: 440795270722 ns

[    8.801101] Seia 8250/16550 driver, 32 ports, IRQ sharing enabled

[    8.875221] 00:02: ttyS0 at I/O 0x3f8 (irq = 4, base_baud = 115200) is a 16550A
[    8.959370] Linux agpgart interface v0.103
[    9.028331] loop: module loaded
[    9.029722] scsi host0: ata_piix
[    9.036577] scsi host1: ata_piix
[    9.037649] ata1: PATA max UDMA/33 cmd 0x1f0 ctl 0x3f6 bmdma 0xd000 irq 14
[    9.056905] ata2: PATA max UDMA/33 cmd 0x170 ctl 0x376 bmdma 0xd008 irq 15
[    9.072317] libphy: Fixed MDIO Bus: probed
[    9.085377] tun: Universal TUN/TAP device driver, 1.6
[    9.103508] tun: (C) 1999-2004 Max Krasnyansky <maxk@qualcomm.com>
[    9.112578] PPP generic driver version 2.4.2
[    9.119442] ehci_hcd: USB 2.0 'Enhanced' Host Controller (EHCI) Driver
[    9.128527] ehci-pci: EHCI PCI platform driver
[    9.134962] ehci-platform: EHCI generic platform driver
[    9.151351] ohci_hcd: USB 1.1 'Open' Host Controller (OHCI) Driver
[    9.153173] ohci-pci: OHCI PCI platform driver
[    9.163305] ohci-platform: OHCI generic platform driver
[    9.170190] uhci_hcd: USB Universal Host Controller Interface driver
[    9.300097] i8042: PNP: PS/2 Controller [PNP0303:PS2K,PNP0f03:PS2M] at 0x60,0x64 irq 1,12
[    9.316419] serio: i8042 KBD port at 0x60,0x64 irq 1
[    9.333645] serio: i8042 AUX port at 0x60,0x64 irq 12
[    9.352895] mousedev: PS/2 mouse device common for all mice
[    9.354536] input: AT Translated Set 2 keyboard as /devices/platform/i8042/serio0/input/input2
[    9.369700] rtc_cmos rtc_cmos: rtc core: registered rtc_cmos as rtc0
[    9.378406] rtc_cmos rtc_cmos: alarms up to one day, 114 bytes nvram
[    9.386929] i2c /dev entries driver
[    9.387936] device-mapper: uevent: version 1.0.3
[    9.396303] device-mapper: ioctl: 4.34.0-ioctl (2015-10-28) initialised: dm-devel@redhat.com
[    9.411573] ledtrig-cpu: registered to indicate activity on CPUs
[    9.417027] NET: Registered protocol family 10
[    9.428052] NET: Registered protocol family 17
[    9.428991] Key type dns_resolver registered
[    9.446125] registered taskstats version 1
[    9.447786] Loading compiled-in X.509 certificates
[    9.449735] Loaded X.509 cert 'Build time autogenerated kernel key: fc7b57a7df019f2655f66a8a374d74ee8f4999fc'
[    9.452060] zswap: loaded using pool lzo/zbud
[    9.454403] Key type trusted registered
[    9.461858] Key type encrypted registered
[    9.478552] AppArmor: AppArmor sha1 policy hashing enabled
[    9.506897] ima: No TPM chip found, activating TPM-bypass!
[    9.514217] evm: HMAC attrs: 0x1
[    9.524601]   Magic number: 6:89:219
[    9.544000] rtc_cmos rtc_cmos: setting system clock to 2018-06-29 07:14:20 UTC (1530256460)
[    9.548305] BIOS EDD facility v0.16 2004-Jun-25, 0 devices found
[    9.557277] EDD information not available.
[    9.561307] Freeing unused kernel memory: 1512K
[    9.574451] Write protecting the kernel read-only data: 14336k
[    9.609265] Freeing unused kernel memory: 1688K
[    9.646378] Freeing unused kernel memory: 96K
Loading, please wait...
starting version[    9.667991] random: systemd-udevd: uninitialized urandom read (16 bytes read, 5 bits of entropy available)
 229
[    9.668464] random: udevadm: uninitialized urandom read (16 bytes read, 5 bits of entropy available)
[    9.668479] random: udevadm: uninitialized urandom read (16 bytes read, 5 bits of entropy available)
[    9.676210] random: udevadm: uninitialized urandom read (16 bytes read, 5 bits of entropy available)
[    9.676294] random: udevadm: uninitialized urandom read (16 bytes read, 5 bits of entropy available)
[    9.676478] random: udevadm: uninitialized urandom read (16 bytes read, 5 bits of entropy available)
[    9.676601] random: udevadm: uninitialized urandom read (16 bytes read, 5 bits of entropy available)
[    9.676719] random: udevadm: uninitialized urandom read (16 bytes read, 5 bits of entropy available)
[    9.676822] random: udevadm: uninitialized urandom read (16 bytes read, 5 bits of entropy available)
[    9.676871] random: udevadm: uninitialized urandom read (16 bytes read, 5 bits of entropy available)
[    9.926452] e1000: Intel(R) PRO/1000 Network Driver - version 7.3.21-k8-NAPI
[    9.933971] e1000: Copyright (c) 1999-2006 Intel Corporation.
[    9.937278] Fusion MPT base driver 3.04.20
[    9.938137] Copyright (c) 1999-2008 LSI Corporation
[    9.952437] Fusion MPT SPI Host driver 3.04.20
[    9.955954] AVX2 version of gcm_enc/dec engaged.
[    9.958276] AES CTR mode by8 optimization enabled
[   10.146296] input: ImExPS/2 Generic Explorer Mouse as /devices/platform/i8042/serio1/input/input4
[   10.300340] e1000 0000:00:03.0 eth0: (PCI:33MHz:32-bit) 02:c7:c3:8a:9f:23
[   10.313169] e1000 0000:00:03.0 eth0: Intel(R) PRO/1000 Network Connection
[   10.823647] e1000 0000:00:08.0 eth1: (PCI:33MHz:32-bit) 08:00:27:a6:96:4a
[   10.845589] e1000 0000:00:08.0 eth1: Intel(R) PRO/1000 Network Connection
[   10.848697] mptbase: ioc0: Initiating bringup
[   10.867097] e1000 0000:00:03.0 enp0s3: renamed from eth0
[   10.931023] e1000 0000:00:08.0 enp0s8: renamed from eth1
[   10.974900] ioc0: LSI53C1030 A0: Capabilities={Initiator}
[   11.169173] scsi host2: ioc0: LSI53C1030 A0, FwRev=00000000h, Ports=1, MaxQ=256, IRQ=20
[   11.287919] scsi 2:0:0:0: Direct-Access     VBOX     HARDDISK         1.0  PQ: 0 ANSI: 5
[   11.303924] scsi target2:0:0: Beginning Domain Validation
[   11.305907] scsi target2:0:0: Domain Validation skipping write tests
[   11.361937] scsi target2:0:0: Ending Domain Validation
[   11.383793] scsi target2:0:0: asynchronous
[   11.385052] scsi 2:0:1:0: Direct-Access     VBOX     HARDDISK         1.0  PQ: 0 ANSI: 5
[   11.395968] scsi target2:0:1: Beginning Domain Validation
[   11.397826] scsi target2:0:1: Domain Validation skipping write tests
[   11.800254] scsi target2:0:1: Ending Domain Validation
[   12.023018] scsi target2:0:1: asynchronous
[   12.031522] sd 2:0:0:0: Attached scsi generic sg0 type 0
[   12.031560] sd 2:0:0:0: [sda] 20971520 512-byte logical blocks: (10.7 GB/10.0 GiB)
[   12.066433] sd 2:0:0:0: [sda] Write Protect is off
[   12.066553] sd 2:0:1:0: Attached scsi generic sg1 type 0
[   12.128746] sd 2:0:1:0: [sdb] 20480 512-byte logical blocks: (10.5 MB/10.0 MiB)
[   12.145262] sd 2:0:0:0: [sda] Incomplete mode parameter data
[   12.145378] sd 2:0:1:0: [sdb] Write Protect is off
[   12.145477] sd 2:0:1:0: [sdb] Incomplete mode parameter data
[   12.145478] sd 2:0:1:0: [sdb] Assuming drive cache: write through
[   12.186088] sd 2:0:1:0: [sdb] Attached SCSI disk
[   12.278773] sd 2:0:0:0: [sda] Assuming drive cache: write through
[   12.320183]  sda: sda1
[   12.329209] sd 2:0:0:0: [sda] Attached SCSI disk
Begin: Loading e[   13.791627] md: linear personality registered for level -1
ssential drivers ... [   13.830189] md: multipath personality registered for level -4
[   13.848634] md: raid0 personality registered for level 0
[   13.881099] md: raid1 personality registered for level 1
[   13.974694] raid6: sse2x1   gen() 11229 MB/s
[   14.094737] raid6: sse2x1   xor()  8256 MB/s
[   14.178488] raid6: sse2x2   gen() 13351 MB/s
[   14.282481] raid6: sse2x2   xor()  9324 MB/s
[   14.362688] raid6: sse2x4   gen() 15465 MB/s
[   14.446460] raid6: sse2x4   xor() 10519 MB/s
[   14.514469] raid6: avx2x1   gen() 21708 MB/s
[   14.586921] raid6: avx2x2   gen() 24474 MB/s
[   14.662612] raid6: avx2x4   gen() 28852 MB/s
[   14.696666] raid6: using algorithm avx2x4 gen() 28852 MB/s
[   14.714883] raid6: using avx2x2 recovery algorithm
[   14.725725] xor: automatically using best checksumming function:
[   14.790985]    avx       : 22627.000 MB/sec
[   14.801257] async_tx: api initialized (async)
[   14.818121] md: raid6 personality registered for level 6
[   14.825081] md: raid5 personality registered for level 5
[   14.855153] md: raid4 personality registered for level 4
[   14.910965] md: raid10 personality registered for level 10
done.
Begin: Running /scripts/init-premount ... done.
Begin: Mounting root file system ... Begin: Running /scripts/local-top ... done.
Begin: Running /scripts/local-premount ... [   14.957350] Btrfs loaded
Scanning for Btrfs filesystems
done.
Warning: fsck no[   15.025663] EXT4-fs (sda1): INFO: recovery required on readonly filesystem
t present, so skipping root file system
[   15.033671] EXT4-fs (sda1): write access will be enabled during recovery
[   15.172841] EXT4-fs (sda1): orphan cleanup on readonly fs
[   15.188660] EXT4-fs (sda1): 6 orphan inodes deleted
[   15.211937] EXT4-fs (sda1): recovery complete
[   15.215938] EXT4-fs (sda1): mounted filesystem with ordered data mode. Opts: (null)
done.
Begin: Running /scripts/local-bottom ... done.
Begin: Running /scripts/init-bottom ... done.
[   15.715416] random: nonblocking pool is initialized
[   16.028125] systemd[1]: systemd 229 running in system mode. (+PAM +AUDIT +SELINUX +IMA +APPARMOR +SMACK +SYSVINIT +UTMP +LIBCRYPTSETUP +GCRYPT +GNUTLS +ACL +XZ -LZ4 +SECCOMP +BLKID +ELFUTILS +KMOD -IDN)
[   16.087212] systemd[1]: Detected virtualization oracle.
[   16.099725] systemd[1]: Detected architecture x86-64.

Welcome to [1mUbuntu 16.04.4 LTS[0m!

[   16.175408] systemd[1]: Set hostname to <ubuntu-xenial>.
[   17.307623] systemd[1]: Started Forward Password Requests to Wall Directory Watch.
[[0;32m  OK  [0m] Started Forward Password Requests to Wall Directory Watch.
[ 17.3472]ysmd]: Litening onoualudit Socet

[[0;32m  OK  [0m] Listening on Journal Audit Socket.
[   17.88455] std[1]: Reached target Encrypted Voumes.
[[0;32m  OK  [0m] Reached target Encrypted Volumes.
[   18.193326] systemd[1]: Reached target User and Group Name Lookups.
[[0;32m  OK  [0m] Reached target User and Group Name Lookups.
[   18.197768] systemd[1: Ltening on Device-mapper event daemon FIFOs.
[[0;32m  OK  [0m] Listening on Device-mapper event daemon FIFOs.
[   18.823435] systemd[1]: Listening on Syslog Socket.
[[0;32m  OK  [0m] Listening on Syslog Socket.
[   18.883338] systemd[1]: Listening on udev Kernel Socket
[[0;32m  OK  [0m] Listening on udev Kernel Socket.
[ 1963515] systemd[1]: Listening on udev Control Socket.
[[0;32m  OK  [0m] Listening on udev Control Socket.
[   19.190686] systemd[1]: Reached target System Time Syncroze
[[0;32m  OK  [0m] Reached target System Time Synchronized.
[   19.374]ystem[1: Listening on Journal Socket.
[[0;32m  OK  [0m] Listening on Journal Socket.
[   20.029779] systemd[1]: Listening on /dev/initctl Compatibility Named Pipe.
[[0;32m  OK  [0m] Listening on /dev/initctl Compatibility Named Pipe.
[   20.032526] systemd[1]: Created slice System Slice.
[[0;32m  OK  [0m] Created slice System Slice.
[   2.14330] systemd[1]: Created slice system-serial\x2dgetty.slice.
[[0;32m  OK  [0m] Created slice system-serial\x2dgetty.slice.

[   20.234845] systemd[1]: Starting Remount Root and Kernel File Systems...
         Starting Remount Root and Kernel File Systems...
[   20.248577] systemd[1]: Starting Uncomplicated firewall...
         Starting Uncomplicated firewall...
[   20.414741] systemd[1]: Starting Load Kernel Modules...
         Starting Load Kernel Modules...
[   20.478659] systemd[1]: Mounting Debug File System...
         Mounting Debug File System...
[   20.501273] systed[: stening on LVM2 poll daemon socket.

[[0;32m  OK  [0m] Listening on LVM2 poll daemon socket.
[   20.671162] systemd[1]: Starting Create list of required static device nodes for the current kernel...
         Starting Create list of required st... nodes for the current kernel...
[   20.687388] systemd[1]: Mounting Huge Pages File System...
         Mounting Huge Pages File System...
[   20.709458] systemd[1]: Mounting POSIX Message Queue File System...
         Mounting POSIX Message Queue File System...
[   20.728668] systemd[1]: Listening on LVM2 metadata daemon socket.
[[0;32m  OK  [0m] Listening on LVM2 metadata daemo[   20.738291] Loading iSCSI transport class v2.0-870.
n socket.
[   20.756698] EXT4-fs (sda1): re-mounted. Opts: (null)
[   20.772340] systemd[1]: Reached target Swap.
[[0;32m  OK  [0m] Reached target Swap.
[   20.777698] systemd[1]: Started Trigger resolvconf update for networkd DNS.
[[0;32m  OK  [0m] Started Trigger resolvconf update for networkd DNS.
[   20.802804] systemd[1]: Starting Nameserver information manager...
         Starting Nameserver information manager...
[   20.824137] systemd[1]: Set up automount Arbitrary Executable File Formats File System Automount Point.
[[0;32m  OK  [0m] Set up automount Arbitrary Executab...ats File System Automount [   20.849159] iscsi: registered transport (tcp)
Point.
[   20.869363] systemd[1]: Listening on Journal Socket (/dev/log).
[[0;32m  OK  [0m] Listening on Journal Socket (/dev/log).
[   20.895070] systemd[1]: Starting Journal Service...
         Starting Journal Service...
[   20.9325 syste[1 Created slice User and Session Slice.
[[0;32m  OK  [0m] Created slice User and Session Slice.
[   21.130525] systemd[1]: Reached target Slices.
[[0;32m  OK  [0m] Reached target Slices.
[   21.190843] systemd[1]: Starting Set console keymap...
         Starting Set console keymap...
[   21.194653] systemd[1]: Starting Monitoring of LVM2 mirrors, snapshots etc. using dmeventd or progress polling...
         Starting Monitor[   21.210731] iscsi: registered transport (iser)
ing of LVM2 mirrors... dmeventd or progress polling...
[   21.274997] systemd[1]: Mounted Huge Pages File System.
[[0;32m  OK  [0m] Mounted Huge Pages File System.
[   21.293489] systemd[1]: Mounted Debug File System.
[[0;32m  OK  [0m] Mounted Debug File System.
[   21.374907] sysmd]: Mounted POSIX Message Queue File System.

[[0;32m  OK  [0m] Mounted POSIX Message Queue File System.
[   21.483188] systemd[1]: Started Remount Root and Kernel File Systems.
[[0;32m  OK  [0m] Started Remount Root and Kernel File Systems.
[   21.1875syem1] StarteUncomplicated firewa.

[[0;32m  OK  [0m] Started Uncomplicated firewall.
[   21.919242] systemd[1]: Started Load Kernel Modules.
[[0;32m  OK  [0m] Started Load Kernel Modules.
[   21.936029] systemd[1]: Started Create list of required static device nodes for the current kernel.
[[0;32m  OK  [0m] Started Create list of required sta...ce nodes for the current kernel.
[   21.979817] systemd[1]: Started Journal Service.
[[0;32m  OK  [0m] Started Journal Service.
[[0;32m  OK  [0m] Started Set console keymap.
[[0;32m  OK  [0m] Started Nameserver information manager.
         Starting Create Static Device Nodes in /dev...
         Mounting FUSE Control File System...
         Starting Apply Kernel Variables...
         Starting udev Coldplug all Devices...
         Starting Load/Save Random Seed...
         Starting Flush Journal to Persistent Storage...
[[0;32m  OK  [0m] Mounted FUSE Control File System.
[[0;32m  OK  [0m] Started LVM2 metadata daemon.
[   22.298450] systemd-journald[393]: Received request to flush runtime journal from PID 1
[[0;32m  OK  [0m] Started Apply Kernel Variables.
[[0;32m  OK  [0m] Started Load/Save Random Seed.
[[0;32m  OK  [0m] Started Flush Journal to Persistent Storage.
[[0;32m  OK  [0m] Started udev Coldplug all Devices.
[[0;32m  OK  [0m] Started Monitoring of LVM2 mirrors,...ng dmeventd or progress polling.
[[0;32m  OK  [0m] Started Create Static Device Nodes in /dev.
         Starting udev Kernel Device Manager...
[[0;32m  OK  [0m] Started udev Kernel Device Manager.
[[0;32m  OK  [0m] Reached target Local File Systems (Pre).
[[0;32m  OK  [0m] Reached target Local File Systems.
         Starting Create Volatile Files and Directories...
         Starting Initial cloud-init job (pre-networking)...
         Starting LSB: AppArmor initialization...
         Starting Set console font and keymap...
         Starting Tell Plymouth To Write Out Runtime Data...
[[0;32m  OK  [0m] Started Dispatch Password Requests to Console Directory Watch.
[[0;32m  OK  [0m] Started Create Volatile Files and Directories.
         Starting Update UTMP about System Boot/Shutdown...
[[0;32m  OK  [0m] Started Tell Plymouth To Write Out Runtime Data.
[[0;32m  OK  [0m] Started Update UTMP about System Boot/Shutdown.
[[0;32m  OK  [0m] Found device /dev/ttyS0.
[[0;32m  OK  [0m] Found device 82540EM Gigabit Ethern...r (PRO/1000 MT Desktop Adapter).
[[0;32m  OK  [0m] Found device 82540EM Gigabit Ethern...r (PRO/1000 MT Desktop Adapter).
[[0;32m  OK  [0m] Listening on Load/Save RF Kill Switch Status /dev/rfkill Watch.
[[0;32m  OK  [0m] Started Set console font and keymap.
[[0;32m  OK  [0m] Created slice system-getty.slice.
[[0;32m  OK  [0m] Started LSB: AppArmor initialization.
[   24.926877] cloud-init[479]: Cloud-init v. 18.2 running 'init-local' at Fri, 29 Jun 2018 07:14:39 +0000. Up 24.34 seconds.
[[0;32m  OK  [0m] Started Initial cloud-init job (pre-networking).
[[0;32m  OK  [0m] Reached target Network (Pre).
[[0;32m  OK  [0m] Started ifup for enp0s8.
[[0;32m  OK  [0m] Started ifup for enp0s3.
         Starting Raise network interfaces...
[[0;32m  OK  [0m] Started Raise network interfaces.
         Starting Initial cloud-init job (metadata service crawler)...
[[0;32m  OK  [0m] Reached target Network.
[   26.641226] cloud-init[1092]: Cloud-init v. 18.2 running 'init' at Fri, 29 Jun 2018 07:14:40 +0000. Up 25.79 seconds.
[[0;32m  OK  [0m] Started Initial cloud-init job (metadata service crawler).
[[0;32m  OK  [0m] Reached target Network is Online.
[   26.716863] cloud-init[1092]: ci-info: ++++++++++++++++++++++++++++++++++++++Net device info++++++++++++++++++++++++++++++++++++++
[   26.868806] cloud-init[1092]: ci-info: +--------+------+-----------------------------+---------------+-------+-------------------+
[   26.956601] cloud-init[1092]: ci-info: | Device |  Up  |           Address           |      Mask     | Scope |     Hw-Address    |
[   27.069123] cloud-init[1092]: ci-info: +--------+------+-----------------------------+---------------+-------+-------------------+
         Starting iSCSI initiator daemon (iscsid)...
[[0;32m  OK  [0m] Reached target Cloud-config availability.
[[0;32m  OK  [0m] Reached target System Initialization.
[   27.198839] cloud-init[1092]: ci-info: | enp0s3 | True |          10.0.2.15          | 255.255.255.0 |   .   | 02:c7:c3:8a:9f:23 |
[   27.456556] cloud-init[1092]: ci-info: | enp0s3 | True |  fe80::c7:c3ff:fe8a:9f23/64 |       .       |  link | 02:c7:c3:8a:9f:23 |
[   27.540570] cloud-init[1092]: ci-info: | enp0s8 | True |        192.168.10.10        | 255.255.255.0 |   .   | 08:00:27:a6:96:4a |
[   27.621004] cloud-init[1092]: ci-info: | enp0s8 | True | fe80::a00:27ff:fea6:964a/64 |       .       |  link | 08:00:27:a6:96:4a |
[   27.692436] cloud-init[1092]: ci-info: |   lo   | True |          127.0.0.1          |   255.0.0.0   |   .   |         .         |
[   27.743089] cloud-init[1092]: ci-info: |   lo   | True |           ::1/128           |       .       |  host |         .         |
[[0;32m  OK  [0m] Started ACPI Events Check.
[[0;32m  OK  [0m] Reached target Paths.
[   27.822426] cloud-init[1092]: ci-info: +--------+------+-----------------------------+---------------+-------+-------------------+
[   28.021110] cloud-init[1092]: ci-info: ++++++++++++++++++++++++++++Route IPv4 info++++++++++++++++++++++++++++
[   28.132875] cloud-init[1092]: ci-info: +-------+--------------+----------+---------------+-----------+-------+
[   28.188804] cloud-init[1092]: ci-info: | Route | Destination  | Gateway  |    Genmask    | Interface | Flags |
[   28.279521] cloud-init[1092]: ci-info: +-------+--------------+----------+---------------+-----------+-------+
[   28.304623] cloud-init[1092]: ci-info: |   0   |   0.0.0.0    | 10.0.2.2 |    0.0.0.0    |   enp0s3  |   UG  |
[   28.370597] cloud-init[1092]: ci-info: |   1   |   10.0.2.0   | 0.0.0.0  | 255.255.255.0 |   enp0s3  |   U   |
[[0;32m  OK  [0m] Started Clean PHP session files every 30 mins.
[[0;32m  OK  [0m] Started Daily Cleanup of Temporary Directories.
[[0;32m  OK  [0m] Listening on UUID daemon activation socket.
[[0;32m  OK  [0m] Started Daily apt download activities.
[[0;32m  OK  [0m] Started Daily apt upgrade and clean activities.
[   28.372302] cloud-init[1092]: ci-info: |   2   | 192.168.10.0 | 0.0.0.0  | 255.255.255.0 |   enp0s8  |   U   |
[   28.517196] cloud-init[1092]: ci-info: +-------+--------------+----------+---------------+-----------+-------+
[[0;32m  OK  [0m] Reached target Timers.
         Starting Socket activation for snappy daemon.
[[0;32m  OK  [0m] Listening on D-Bus System Message Bus Socket.
         Starting LXD - unix socket.
[[0;32m  OK  [0m] Listening on ACPID Listen Socket.
[[0;32m  OK  [0m] Listening on Socket activation for snappy daemon.
[[0;32m  OK  [0m] Listening on LXD - unix socket.
[[0;32m  OK  [0m] Started iSCSI initiator daemon (iscsid).
         Starting Login to default iSCSI targets...
[[0;32m  OK  [0m] Reached target Sockets.
[[0;32m  OK  [0m] Reached target Basic System.
         Starting LSB: Record successful boot for GRUB...
         Starting Accounts Service...
         Starting /etc/rc.local Compatibility...
[[0;32m  OK  [0m] Started D-Bus System Message Bus.
[[0;32m  OK  [0m] Started Deferred execution scheduler.
         Starting Virtualbox guest utils...
         Starting MySQL Community Server...
         Starting Apply the settings specified in cloud-config...
[[0;32m  OK  [0m] Started FUSE filesystem for LXC.
[[0;32m  OK  [0m] Started Regular background program processing daemon.
[[0;32m  OK  [0m] Started ACPI event daemon.
         Starting LXD - container startup/shutdown...
         Starting OpenBSD Secure Shell server...
         Starting System Logging Service...
[[0;32m  OK  [0m] Started Unattended Upgrades Shutdown.
         Starting Login Service...
         Starting LSB: MD monitoring daemon...
         Starting Snappy daemon...
[[0;32m  OK  [0m] Started /etc/rc.local Compatibility.
         Starting Authenticate and Authorize Users to Run Privileged Tasks...
[[0;32m  OK  [0m] Started Login Service.
[[0;32m  OK  [0m] Started LSB: Record successful boot for GRUB.
[[0;32m  OK  [0m] Started Login to default iSCSI targets.
[[0;32m  OK  [0m] Reached target Remote File Systems (Pre).
[[0;32m  OK  [0m] Reached target Remote File Systems.
         Starting Permit User Sessions...
         Starting LSB: daemon to balance interrupts for SMP systems...
         Starting LSB: automatic crash report generation...
         Starting LSB: Apache2 web server...
         Starting LSB: Set the CPU Frequency Scaling governor to "ondemand"...
[   31.725306] cloud-init[1178]: Cloud-init v. 18.2 running 'modules:config' at Fri, 29 Jun 2018 07:14:45 +0000. Up 30.15 seconds.
[[0;32m  OK  [0m] Started LSB: MD monitoring daemon.
[[0;32m  OK  [0m] Started LSB: Set the CPU Frequency Scaling governor to "ondemand".
[[0;32m  OK  [0m] Started Apply the settings specified in cloud-config.
[[0;32m  OK  [0m] Started Permit User Sessions.
         Starting Terminate Plymouth Boot Screen...
         Starting Hold until boot process finishes up...
[[0;32m  OK  [0m] Started Terminate Plymouth Boot Screen.
[[0;32m  OK  [0m] Started Hold until boot process finishes up.
         Starting Set console scheme...
[[0;32m  OK  [0m] Started Getty on tty1.
[[0;32m  OK  [0m] Started Serial Getty on ttyS0.
[[0;32m  OK  [0m] Reached target Login Prompts.
[[0;32m  OK  [0m] Started Set console scheme.
[[0;32m  OK  [0m] Started LSB: daemon to balance interrupts for SMP systems.
[[0;32m  OK  [0m] Started System Logging Service.
[[0;32m  OK  [0m] Started LSB: automatic crash report generation.
[[0;32m  OK  [0m] Started Authenticate and Authorize Users to Run Privileged Tasks.
[[0;32m  OK  [0m] Started Accounts Service.
[[0;32m  OK  [0m] Started Virtualbox guest utils.
[[0;32m  OK  [0m] Started OpenBSD Secure Shell server.
[[0;32m  OK  [0m] Created slice User Slice of vagrant.
         Starting User Manager for UID 1000...
[[0;32m  OK  [0m] Started Session 1 of user vagrant.

Ubuntu 16.04.4 LTS ubuntu-xenial ttyS0

ubuntu-xenial login: [   49.760892] cloud-init[1864]: Cloud-init v. 18.2 running 'modules:final' at Fri, 29 Jun 2018 07:15:04 +0000. Up 49.58 seconds.
[   49.761520] cloud-init[1864]: Cloud-init v. 18.2 finished at Fri, 29 Jun 2018 07:15:04 +0000. Datasource DataSourceNoCloud [seed=/dev/sdb][dsmode=net].  Up 49.75 seconds
