[    0.000000] Initializig group subsys cpuset
[    0.000000] Initializing cgroup subsys cpu
[    0.000000] Initializing cgoup subsys cpuacct
[    0.000000] Linux version 4.4.0-128-generic (buildd@lcy01-amd64-019) (gcc version 5.4.0 20160609 (Ubuntu 5.4.0-6ubuntu1~16.04.9) ) #154-Ubuntu SMP Fri May 25 14:15:18 UTC 2018 (Ubuntu 4.4.0-128.154-generic 4.4.131)
[    0.000000] Command line: BOOT_IAG/boot/vmlinuz-4.4.0-128-generic root=LABEL=cloudimg-root r conole=tty1 console=ttyS0
[    0.000000] KERNEL supported cpus:
[    0.000000]   Intel GenneIntel
[    0.000000]   AMD AuthenticAMD
[    0.000000]   Centaur CentaurHauls
[   0.000000] x86puxstate_offet]: 5, tate_sizes[2]:  256
[    0.000000] x86/fpu: Supporting XSAVE feature 0x01: 'x87 floating poinresters'
[  0.0000] x86/u:uporting XSE ature 02: 'SSE registers'
[    0.000000] x86/fpu: Supporting XSAVE feature 0x04: 'AVX registers'
[    0.000000 x86/fpu: Enabled xstate features 0x7, context size is 832 bytes, usin 'standard' format.
[    0.000000] x86/fpu:sing 'lazy' FPU cntext switches.
[    0.000000] e820: BIOS-provided physical RAM map:
[    0.000000] BIOS-e820: [mem 0x0000000000000000-0x000000000009fbff] usable
[    0.000000] BIOS-e820: [mem 0x000000000009fc00-0x00000000009fff reserved
[    0.000] BIOOS-e820: [mem 0x00000000000f00000x0000000fff]esered
[    0.000000] BIOS-e820: [memx0000000001000x000000003ffeffff] usable
[    0.000000] BIOS-e820: [mem 0x000000003fff0000-0x000000003fffffff] ACPI data
[    0.000000] BIOS-e820: [mem 0x00000000fec00000-0x00000000fec00fff] reserved
[    0.000000] BIOS-e820: [mem 0x00000000fee00000-0x00000000fee00fff] reserved
[    0.000000] BIOS-e820: [mem 0x00000ffc0000x000000ffffffff] reserved
[    0.000000] NX (Execute Disable) protection: active
[    0.000000] SMBIOS 2.5 present.
[    0.000000] Hypervisor detected: KVM
[    0.000000] e820: last_pfn = 0x3fff0 max_rch_pfn = 0x40000
[    0.000000] MTRR: Disabled
[    0.000000] x86/PAT: MTRRs disabled, skipping PAT initialization too.  0.0000000] CPUTRs all blank - virtualized system.
[    0.000000] x86/PAT: Configuration [0-7]: WB  WT  UC- UC  WB  WT  UC- UC  
[    0.000000] found SMP MP-table at [mem 0x0009fff0-0x0009ffff] mapped at [ffff88000009fff0]
[    0.000000] Scanning 1 areas for low memory corruption
[    0.000000] RAMDISK: [mem 0x36aa4000-0x37549fff]
[    0.000000] ACPI: Early table checksum verification disabled
[    0.000000] ACPI: RSDP 0x00000000000E0000 000024 (v02 VB  )
[    0.000000] ACPI: XSDT 0x000000003FFF0030 00003C (v01 VBOX   VBOXXSDT 00000001 ASL  00000061)
[    0.000000] ACPI: FACP 0x000000003FFF00F0 0000F4 (v04 VBOX   VBOXFACP 00000001 AL 0000061)[    0000 ACPI: DSDT 0x000000003FFF0470 0021FF (v02 VBOX   VBOXBIOS 00000002 INTL 2010052)    0.00000 AI:FACS 0x000000003FFF0200 000040
[    0.000000] ACPI: FACS 0x000000003FFF0200 000040
[    0.000000] ACPI: APIC 0x000000003FFF0240 00005C (v02 VBOX   VBOXAPIC 00000001 ASL  00000061)
[    0.000000] ACPI: SSDT 0x000000003FFF02A0 0001CC (v01 VBOX   VBOXCPUT 00000002 INTL 20100528)   0.000]  NUMA configuratonoud
[    0.00000] Faking a node at [mem 0x0000000000000-000003ffff
[    0.00000 NE_ATA(0) allocaed [mem 0x3ffeb000-0xfffff]
[  00000] kvm-clock: Using msrs 4b564d01 and 4b564d00
[    0.000000] kvm-clock: cpu 0, msr 0:3ffe3001, primary cpu clock
[    0.000000] kvm-clock: using sched offset of 3545383592 cycles
[    0.000000] clocksource: kvm-clock: mask: 0xffffffffffffffff max_cycles: 0x1cd42e4dffb, max_idle_ns: 881590591483 ns
[    0.000000] Zone ranges:
[    0.000000]   DMA      [mem 0x0000000000001000-0x0000000000ffffff]   0.000000] DMA32    [mem 0x0000000001000000x000000003ffeffff]
[    0.000000]   Normal  empty
[   0.000000]   Device   empty
[    0.000000] Movable zone start for each node
[    0.000000] Early memory node ranges
[    0.000000]   node   0: [mem 0x0000000000001000-0x000000000009efff]
[    0.000000]   node   0: [mem 0x0000000000100000-0x000000003ffeffff]
[    0.000000] Initmem setu node 0 [mem 0x0000000000001000-0x00003ffeffff]
[    0.0000] ACPI:PM-Time I Prt0x08
[  0.000000] IOAPIC[0]: apic_id 2, version 32, address 0xfec00000, GSI 0-23
[    0.0000] ACPI: INT_SRC_OVR(b 0bus_irq0 obl_irq dfdf)
[  000000] ACPI: INT_SRC_OVR (bus 0 bus_irq 9 global_irq 9 low level)
[    0.000000] Using ACPI (MADT) forSMP configuratn fomation[   0.000000] mpot: Allin2 CPUs, holu CPU
[  .00000PMReegistere nave memory: mem 000000-0x00000fff]
[    0.000000] PM: Registered nosave memory: [mem 0x0009f000-0x0009ffff]
[    0.000000] PM: Registered nosave memory: [mem 0x000a0000-0x000effff]
[    0.000000] PM: Registered nosave memory: [mem 0x000f0000-0x000fffff]
[    0.000000] e820: [mem 0x40000000-0xfebfffff] available for PCI devices
[    0.000000] Booting paravirtualized kernel on KVM
[    0.000000] clocksource: refined-jiffies: mask: 0xffffffff max_cycles: 0xffffffff, max_idle_ns: 7645519600211568 ns
[    0.000000] setup_percpu: NR_CPUS:512 nr_cpumask_bits:512 nr_cpu_ids:2 nr_node_ids:1
[    0.000000] PERCPU: Embedded 34 pages/cpu @ffff88003fc00000 s99544 r8192 d31528 u1048576
[    0.000000] PVspinlok hash table entries: 256 (order: 0, 4096 bytes)
[    0.000] Built 1 zonelists in Node order, mobility grouping on.  Total pages: 257912
[    0.000000] Policy zone: DMA32
[    0.000000] Kernel command line: BOO_IMAGE=/boot/vmlinuz-4.4.0-128-generic root=LABEL=cloudimg-rootfs ro console=tty1 console=ttyS0
[    0.00000] D hash table entries 4096 (order: 3, 32768 bytes)
[    0.000] Memy:001616K/1048120K ailable 85K kernel od 113K rwdata, 4000K rodata, 1512K init, 1316K bss, 46504K reserved, 0K cma-reserved)
[    0.000000] SLUB: HWalign=64, Order=0-3, MinObjects=0, CPUs=2, Nodes=1
[    0.0000Kenel/sepa tables sotion: enabled
[    0.000000] Hierarchical RCU implementation.
[    0.000000] 	Build-time adjustment of leaf fanout to 64.
[    0.000000] 	RCUesictingCP fm NR_CPUS=512 to n_c_is=2.
[    0.000000] RCU: Adjusting geometry for rcu_fanout_leaf=64, nr_cpu_ids=2
[    0.000000] NR_IRQS:33024 nr_irqs:440 16
[    0.000000] Console: colour VGA+ 80x25
[    0.000000] console [tty1] enabled
[    0.000000] console [ttyS0] enabled
[    0.000000] tsc: Detected 2304.000 MHz processor
[    4.019791] Calibrating delay loop (skipped) preset value.. 4608.00 BogoMIPS (lpj=9216000)
[    4.021364] pid_max: default: 32768 minimum: 301
[    4.022217] ACPI: Core risn 20150930
[    4.072382] ACPI: 2 ACPI AML tables successfully acquired and loaded
[    4.096108] Security Framework initialized
[    4.096889] Yama: becoming mindful.
[    4.100202] AppArmor: AppArmor initialized
[    4.101044] Dentry cache hash table entries: 131072 (order: 8, 1048576 bytes)
[    4.161878] Inode-cache hash table entries: 65536 (order: 7, 524288 bytes)
[    4.210560] Mount-cache hash table entries: 2048 (order: 2, 16384 bytes)
[    4.228229] Mountpoint-cache hash table entries: 2048 (order: 2, 16384 bytes)
[    4.229635] Initializing cgroup subsys io
[    4.246794] Initializing cgroup subsys memory
[    4.247628] Initializing cgroup subsys devices
[    4.248447] Initializing cgroup subsys freezer
[    4.284228] Initializing cgroup subsys net_cls
[    4.290533] Initializing cgroup subsys perf_event
[    4.291412] Initializing cgroup subsys net_prio
[    4.292247] Initializing cgroup subsys hugetlb
[    4.310078] Initializing cgroup subsys pids
[    4.330209] CPU: Physical Processor ID: 0
[    4.380056] CPU: Processor Core ID: 0
[    4.393548] mce: CPU supports 0 MCE banks
[    4.394507] Last level iTLB entries: 4KB 64, 2MB 8, 4MB 8
[    4.395476] Last level dTLB entries: 4KB 64, 2MB 0, 4MB 0, 1GB 4
[    4.396513] Spectre V2 : Mitigation: Full generic retpoline
[    4.397492] Spectre V2 : Speculation control IBPB not-supported IBRS not-supported
[    4.398732] Spectre V2 : Filling RSB on context switch
[    4.423048] Speculative Store Bypass: Vulnerable
[    4.441255] Freeing SMP alternatives memory: 32K
[    4.455604] ftrace: allocating 32236 entries in 126 pages
[    4.545448] smpboot: APIC(0) Converting physical 0 to logical package 0
[    4.563258] smpboot: Max logical packages: 1
[    4.569808] x2apic enabled
[    4.581624] Switched APIC routing to physical x2apic.
[    4.596819] ..TIMER: vector=0x30 apic1=0 pin1=2 apic2=-1 pin2=-1
[    4.755867] smpboot: CPU0: Intel(R) Core(TM) i5-7360U CPU @ 2.30GHz (family: 0x6, model: 0x8e, stepping: 0x9)
[    4.757817] Performance Events: unsupported p6 CPU model 142 no PMU driver, software events only.
[    4.759527] KVM setup paravirtual spinlock
[    4.760905] x86: Booting SMP configuration:
[    4.761697] .... node  #0, CPUs:      #1
[    4.786722] kvm-clock: cpu 1, msr 0:3ffe3041, secondary cpu clock
[    4.788992] mce: CPU supports 0 MCE banks
[    4.791390] x86: Booted up 1 node, 2 CPUs
[    4.811368] smpboot: Total of 2 processors activated (9216.00 BogoMIPS)
[    4.818540] devtmpfs: initialized
[    4.820899] evm: security.selinux
[    4.838308] evm: security.SMACK64
[    4.855067] evm: security.SMACK64EXEC
[    4.884410] evm: security.SMACK64TRANSMUTE
[    4.903553] evm: security.SMACK64MMAP
[    4.912876] evm: security.ima
[    4.913650] evm: security.capability
[    4.930567] clocksource: jiffies: mask: 0xffffffff max_cycles: 0xffffffff, max_idle_ns: 7645041785100000 ns
[    4.943766] futex hash table entries: 512 (order: 3, 32768 bytes)
[    4.968748] pinctrl core: initialized pinctrl subsystem
[    5.001985] RTC time: 12:35:58, date: 06/22/18
[    5.004588] NET: Registered protocol family 16
[    5.048892] cpuidle: using governor ladder
[    5.080881] cpuidle: using governor menu
[    5.096045] PCCT header not found.
[    5.096806] ACPI: bus type PCI registered
[    5.097567] acpiphp: ACPI Hot Plug PCI Controller Driver version: 0.5
[    5.098742] PCI: Using configuration type 1 for base access
[    5.125714] ACPI: Added _OSI(Module Device)
[    5.151533] ACPI: Added _OSI(Processor Device)
[    5.191556] ACPI: Added _OSI(3.0 _SCP Extensions)
[    5.231581] ACPI: Added _OSI(Processor Aggregator Device)
[    5.238542] ACPI: Executed 1 blocks of module-level executable AML code
[    5.252484] ACPI: Interpreter enabled
[    5.253492] ACPI: (supports S0 S5)
[    5.254170] ACPI: Using IOAPIC for interrupt routing
[    5.255185] PCI: Using host bridge windows from ACPI; if necessary, use "pci=nocrs" and report a bug
[    5.272366] ACPI: PCI Root Bridge [PCI0] (domain 0000 [bus 00-ff])
[    5.299930] acpi PNP0A03:00: _OSC: OS supports [ASPM ClockPM Segments MSI]
[    5.364964] acpi PNP0A03:00: _OSC: not requesting OS control; OS requires [ExtendedConfig ASPM ClockPM MSI]
[    5.394949] acpi PNP0A03:00: fail to add MMCONFIG information, can't access extended PCI configuration space under this bridge.
[    5.424612] PCI host bridge to bus 0000:00
[    5.442113] pci_bus 0000:00: root bus resource [io  0x0000-0x0cf7 window]
[    5.443300] pci_bus 0000:00: root bus resource [io  0x0d00-0xffff window]
[    5.453625] pci_bus 0000:00: root bus resource [mem 0x000a0000-0x000bffff window]
[    5.455025] pci_bus 0000:00: root bus resource [mem 0x40000000-0xfdffffff window]
[    5.460519] pci_bus 0000:00: root bus resource [bus 00-ff]
[    5.463407] pci 0000:00:01.1: legacy IDE quirk: reg 0x10: [io  0x01f0-0x01f7]
[    5.476207] pci 0000:00:01.1: legacy IDE quirk: reg 0x14: [io  0x03f6]
[    5.494474] pci 0000:00:01.1: legacy IDE quirk: reg 0x18: [io  0x0170-0x0177]
[    5.511014] pci 0000:00:01.1: legacy IDE quirk: reg 0x1c: [io  0x0376]
[    5.524877] pci 0000:00:07.0: quirk: [io  0x4000-0x403f] claimed by PIIX4 ACPI
[    5.585013] pci 0000:00:07.0: quirk: [io  0x4100-0x410f] claimed by PIIX4 SMB
[    5.593751] ACPI: PCI Interrupt Link [LNKA] (IRQs 5 9 10 *11)
[    5.613034] ACPI: PCI Interrupt Link [LNKB] (IRQs 5 9 *10 11)
[    5.621471] ACPI: PCI Interrupt Link [LNKC] (IRQs 5 *9 10 11)
[    5.643759] ACPI: PCI Interrupt Link [LNKD] (IRQs 5 9 10 *11)
[    5.663615] ACPI: Enabled 2 GPEs in block 00 to 07
[    5.685184] vgaarb: setting as boot device: PCI:0000:00:02.0
[    5.686620] vgaarb: device added: PCI:0000:00:02.0,decodes=io+mem,owns=io+mem,locks=none
[    5.698570] vgaarb: loaded
[    5.701841] vgaarb: bridge control possible 0000:00:02.0
[    5.716946] SCSI subsystem initialized
[    5.744937] ACPI: bus type USB registered
[    5.772969] usbcore: registered new interface driver usbfs
[    5.806520] usbcore: registered new interface driver hub
[    5.833043] usbcore: registered new device driver usb
[    5.837299] PCI: Using ACPI for IRQ routing
[    5.838459] NetLabel: Initializing
[    5.839181] NetLabel:  domain hash size = 128
[    5.852381] NetLabel:  protocols = UNLABELED CIPSOv4
[    5.884435] NetLabel:  unlabeled traffic allowed by default
[    5.896620] amd_nb: Cannot enumerate AMD northbridges
[    5.917981] clocksource: Switched to clocksource kvm-clock
[    5.967665] AppArmor: AppArmor Filsyemnaed[  6716]npPnP ACPI init
[    6.407602] pnp: PnP ACPI: found 3 devices

[    6.41867]losoceac_p mk: 0xffffff max_cycles: 0xffffff, max_idle_ns: 2085701024 ns
[    6.784163] NETRestedrocofaly
[  7.27] P taisd hastae trs: 92orr:, 536 bytes)
[    7.835652] TCP bind hash table entries: 8192 (order: 5, 131072 bytes)
[    7.836894] TCP: Hash tables configured (established 8192 bind 8192)
[   7.838325] UDP hash table entries: 512 (order: 2, 1638 bytes)
[    7.899434] UDP-itha tlentes51(oer2,63 bytes)
[  8.400310] NET: Registereproc fil1  8.681436] pci 00::00.0: Limiting direct PCI/PCI transfer
[  8896899] pci 0000:00:01.0: Activating ISA DMA hang workarnds
[    9.042424] Unpacking initramfs...

[   10.478898] Freeing initrd memory: 10904K
[   10.503728] platform rtc_cmos: registered platform RTC device (no PNP device found)
[   10.697236] Scanning for low memory corruption every 60 seconds
[   10.857945] audit: initializing netlink subsys (disabled)
[   10.895812] audit: type=2000 audit(1529670964.215:1): initialized
[   11.006154] Initialise system trusted keyring
[   11.076454] HugeTLB registered 2 MB page size, pre-allocated 0 pages
[   11.087907] zbud: loaded
[   11.091850] VFS: Disk quotas dquot_6.6.0
[   11.094040] VFS: Dquot-cache hash table entries: 512 (order 0, 4096 bytes)
[   11.103593] squashfs: version 4.0 (2009/01/31) Phillip Lougher
[   11.107799] fuse init (API version 7.23)
[   11.110384] Key type big_key registered
[   11.117968] Allocating IMA MOK and blacklist keyrings.
[   11.122476] Key type asymmetric registered
[   11.124874] Asymmetric key parser 'x509' registered
[   11.134945] Block layer SCSI generic (bsg) driver version 0.4 loaded (major 249)
[   11.152942] io scheduler noop registered
[   11.246327] io scheduler deadline registered (default)
[   11.383221] io scheduler cfq registered
[   11.404835] pci_hotplug: PCI Hot Plug PCI Core version: 0.5
[   11.407282] pciehp: PCI Express Hot Plug Controller Driver version: 0.4
[   11.408405] ACPI: AC Adapter [AC] (on-line)
[   11.409261] input: Power Button as /devices/LNXSYSTM:00/LNXPWRBN:00/input/input0
[   11.410891] ACPI: Power Button [PWRF]
[   11.429883] input: Sleep Button as /devices/LNXSYSTM:00/LNXSLPBN:00/input/input1
[   11.487098] ACPI: Sleep Button [SLPF]
[   11.556014] tsc: Refined TSC clocksource calibration: 2302.841 MHz
[   11.706030] clocksource: tsc: mask: 0xffffffffffffffff max_cycles: 0x2131b0eb781, max_idle_ns: 440795291543 ns
[   11.706243] GHES: HEST is not enabled!
[   11.899801] Serial: 8250/16550 driver, 32 ports, IRQ sharing enabled
[   12.003683] 00:02: ttyS0 at I/O 0x3f8 (irq = 4, base_baud = 115200) is a 16550A
[   12.005254] Linux agpgart interface v0.103
[   12.006808] loop: module loaded
[   12.007204] scsi host0: ata_piix
[   12.007246] scsi host1: ata_piix
[   12.007270] ata1: PATA max UDMA/33 cmd 0x1f0 ctl 0x3f6 bmdma 0xd000 irq 14
[   12.007271] ata2: PATA max UDMA/33 cmd 0x170 ctl 0x376 bmdma 0xd008 irq 15
[   12.007323] libphy: Fixed MDIO Bus: probed
[   12.007324] tun: Universal TUN/TAP device driver, 1.6
[   12.007324] tun: (C) 1999-2004 Max Krasnyansky <maxk@qualcomm.com>
[   12.007558] PPP generic driver version 2.4.2
[   12.007595] ehci_hcd: USB 2.0 'Enhanced' Host Controller (EHCI) Driver
[   12.007598] ehci-pci: EHCI PCI platform driver
[   12.007610] ehci-platform: EHCI generic platform driver
[   12.007616] ohci_hcd: USB 1.1 'Open' Host Controller (OHCI) Driver
[   12.007618] ohci-pci: OHCI PCI platform driver
[   12.007623] ohci-platform: OHCI generic platform driver
[   12.007629] uhci_hcd: USB Universal Host Controller Interface driver
[   12.007667] i8042: PNP: PS/2 Controller [PNP0303:PS2K,PNP0f03:PS2M] at 0x60,0x64 irq 1,12
[   12.008074] serio: i8042 KBD port at 0x60,0x64 irq 1
[   12.008077] serio: i8042 AUX port at 0x60,0x64 irq 12
[   12.008148] mousedev: PS/2 mouse device common for all mice
[   12.033751] rtc_cmos rtc_cmos: rtc core: registered rtc_cmos as rtc0
[   12.033805] rtc_cmos rtc_cmos: alarms up to one day, 114 bytes nvram
[   12.033813] i2c /dev entries driver
[   12.033865] device-mapper: uevent: version 1.0.3
[   12.033915] device-mapper: ioctl: 4.34.0-ioctl (2015-10-28) initialised: dm-devel@redhat.com
[   12.033929] ledtrig-cpu: registered to indicate activity on CPUs
[   12.034150] NET: Registered protocol family 10
[   12.034323] NET: Registered protocol family 17
[   12.034332] Key type dns_resolver registered
[   12.034513] registered taskstats version 1
[   12.034528] Loading compiled-in X.509 certificates
[   12.034986] Loaded X.509 cert 'Build time autogenerated kernel key: fc7b57a7df019f2655f66a8a374d74ee8f4999fc'
[   12.034997] zswap: loaded using pool lzo/zbud
[   12.035090] input: AT Translated Set 2 keyboard as /devices/platform/i8042/serio0/input/input2
[   12.036530] Key type trusted registered
[   12.038339] Key type encrypted registered
[   12.038343] AppArmor: AppArmor sha1 policy hashing enabled
[   12.038346] ima: No TPM chip found, activating TPM-bypass!
[   12.038359] evm: HMAC attrs: 0x1
[   12.038593]   Magic number: 6:953:582
[   12.039089] rtc_cmos rtc_cmos: setting system clock to 2018-06-22 12:36:05 UTC (1529670965)
[   12.039149] BIOS EDD facility v0.16 2004-Jun-25, 0 devices found
[   12.039149] EDD information not available.
[   12.770809] Freeing unused kernel memory: 1512K
[   13.476210] Write protecting the kernel read-only data: 14336k
[   13.771346] Freeing unused kernel memory: 1688K
[   13.811408] Freeing unused kernel memory: 96K
Loading, please wait...
starting version 229
[   13.870412] random: systemd-udevd: uninitialized urandom read (16 bytes read, 5 bits of entropy available)
[   13.870590] random: udevadm: uninitialized urandom read (16 bytes read, 5 bits of entropy available)
[   13.870603] random: udevadm: uninitialized urandom read (16 bytes read, 5 bits of entropy available)
[   13.875684] random: systemd-udevd: uninitialized urandom read (16 bytes read, 5 bits of entropy available)
[   13.876518] random: udevadm: uninitialized urandom read (16 bytes read, 5 bits of entropy available)
[   13.876551] random: udevadm: uninitialized urandom read (16 bytes read, 5 bits of entropy available)
[   13.876650] random: udevadm: uninitialized urandom read (16 bytes read, 5 bits of entropy available)
[   13.876684] random: udevadm: uninitialized urandom read (16 bytes read, 5 bits of entropy available)
[   13.876718] random: udevadm: uninitialized urandom read (16 bytes read, 5 bits of entropy available)
[   13.876752] random: udevadm: uninitialized urandom read (16 bytes read, 5 bits of entropy available)
[   14.047087] e1000: Intel(R) PRO/1000 Network Driver - version 7.3.21-k8-NAPI
[   14.048333] e1000: Copyright (c) 1999-2006 Intel Corporation.
[   14.051075] Fusion MPT base driver 3.04.20
[   14.051893] Copyright (c) 1999-2008 LSI Corporation
[   14.057002] Fusion MPT SPI Host driver 3.04.20
[   14.065351] AVX2 version of gcm_enc/dec engaged.
[   14.066293] AES CTR mode by8 optimization enabled
[   14.255097] input: ImExPS/2 Generic Explorer Mouse as /devices/platform/i8042/serio1/input/input4
[   14.390380] e1000 0000:00:03.0 eth0: (PCI:33MHz:32-bit) 02:c7:c3:8a:9f:23
[   14.397355] e1000 0000:00:03.0 eth0: Intel(R) PRO/1000 Network Connection
[   14.411994] mptbase: ioc0: Initiating bringup
[   14.566466] ioc0: LSI53C1030 A0: Capabilities={Initiator}
[   14.776058] scsi host2: ioc0: LSI53C1030 A0, FwRev=00000000h, Ports=1, MaxQ=256, IRQ=20
[   14.913708] scsi 2:0:0:0: Direct-Access     VBOX     HARDDISK         1.0  PQ: 0 ANSI: 5
[   14.915321] scsi target2:0:0: Beginning Domain Validation
[   14.925191] scsi target2:0:0: Domain Validation skipping write tests
[   14.926149] scsi target2:0:0: Ending Domain Validation
[   14.927002] scsi target2:0:0: asynchronous
[   14.934158] scsi 2:0:1:0: Direct-Access     VBOX     HARDDISK         1.0  PQ: 0 ANSI: 5
[   14.935541] scsi target2:0:1: Beginning Domain Validation
[   14.937018] scsi target2:0:1: Domain Validation skipping write tests
[   14.937951] scsi target2:0:1: Ending Domain Validation
[   14.938828] scsi target2:0:1: asynchronous
[   14.958783] sd 2:0:0:0: Attached scsi generic sg0 type 0
[   14.959780] sd 2:0:0:0: [sda] 20971520 512-byte logical blocks: (10.7 GB/10.0 GiB)
[   14.961716] sd 2:0:1:0: [sdb] 20480 512-byte logical blocks: (10.5 MB/10.0 MiB)
[   14.968494] sd 2:0:1:0: Attached scsi generic sg1 type 0
[   14.969715] sd 2:0:0:0: [sda] Write Protect is off
[   14.970689] sd 2:0:0:0: [sda] Incomplete mode parameter data
[   14.971556] sd 2:0:0:0: [sda] Assuming drive cache: write through
[   14.972509] sd 2:0:1:0: [sdb] Write Protect is off
[   14.978952] sd 2:0:1:0: [sdb] Incomplete mode parameter data
[   14.985353] sd 2:0:1:0: [sdb] Assuming drive cache: write through
[   15.001731]  sda: sda1
[   15.003138] sd 2:0:0:0: [sda] Attached SCSI disk
[   15.004379] sd 2:0:1:0: [sdb] Attached SCSI disk
[   15.243786] e1000 0000:00:08.0 eth1: (PCI:33MHz:32-bit) 08:00:27:a6:96:4a
[   15.245151] e1000 0000:00:08.0 eth1: Intel(R) PRO/1000 Network Connection
[   15.263769] e1000 0000:00:03.0 enp0s3: renamed from eth0
[   15.282799] e1000 0000:00:08.0 enp0s8: renamed from eth1
Begin: Loading e[   16.575621] md: linear personality registered for level -1
ssential drivers[   16.637178] md: multipath personality registered for level -4
 ... [   16.658831] md: raid0 personality registered for level 0
[   16.672139] md: raid1 personality registered for level 1
[   16.742963] raid6: sse2x1   gen()  8074 MB/s
[   16.862513] raid6: sse2x1   xor()  8645 MB/s
[   16.938438] raid6: sse2x2   gen() 14002 MB/s
[   17.042307] raid6: sse2x2   xor()  8984 MB/s
[   17.126383] raid6: sse2x4   gen() 17675 MB/s
[   17.270520] raid6: sse2x4   xor() 11512 MB/s
[   17.354566] raid6: avx2x1   gen() 22758 MB/s
[   17.422048] raid6: avx2x2   gen() 24931 MB/s
[   17.508722] raid6: avx2x4   gen() 31167 MB/s
[   17.546518] raid6: using algorithm avx2x4 gen() 31167 MB/s
[   17.636337] raid6: using avx2x2 recovery algorithm
[   17.737569] xor: automatically using best checksumming function:
[   17.782051]    avx       : 22436.000 MB/sec
[   17.803212] async_tx: api initialized (async)
[   17.821581] md: raid6 personality registered for level 6
[   17.831105] md: raid5 personality registered for level 5
[   17.847279] md: raid4 personality registered for level 4
[   17.859596] md: raid10 personality registered for level 10
done.
Begin: Running /scripts/init-premount ... done.
Begin: Mounting root file system ... Begin: Running /scripts/local-top ... done.
Begin: Running /scripts/local-premount ... [   17.919025] Btrfs loaded
Scanning for Btrfs filesystems
done.
Warning: fsck not present, so sk[   18.000149] EXT4-fs (sda1): mounted filesystem with ordered data mode. Opts: (null)
ipping root file system
done.
Begin: Running /scripts/local-bottom ... done.
Begin: Running /scripts/init-bottom ... done.
[   18.158981] systemd[1]: systemd 229 running in system mode. (+PAM +AUDIT +SELINUX +IMA +APPARMOR +SMACK +SYSVINIT +UTMP +LIBCRYPTSETUP +GCRYPT +GNUTLS +ACL +XZ -LZ4 +SECCOMP +BLKID +ELFUTILS +KMOD -IDN)
[   18.161507] systemd[1]: Detected virtualization oracle.
[   18.162286] systemd[1]: Detected architecture x86-64.

Welcome to [1mUbuntu 16.04.4 LTS[0m!

[ 18959]ysmd[1]: Set ostnmeo <ubuntu>.

[   18.521948] systemd[1]: Initializing machine ID from random generator.
[   18.523227] systemd[1]: Installed transient /etc/machine-id file.
[   18.734805] systemd[1]: Listening on LVM2 poll daemon socket.
[[0;32m  OK  [0m] Listening on LVM2 poll daemon socket.
[   18.750388] systemd[1]: Created slice System Slice.
[[0;32m  OK  [0m] Created slice System Slice.
[   18.784895] systemd[1]: Reached target Swap.
[[0;32m  OK  [0m] Reached target Swap.
[   18.787036] systemd[1]: Created slice system-serial\x2dgetty.slice.
[[0;32m  OK  [0m] Created slice system-serial\x2dgetty.slice.
[   18.797952] systemd[1]: Listening on Journal Audit Socket.
[[0;32m  OK  [0m] Listening on Journal Audit Socket.
[   18.830645] systemd[1]: Listening on LVM2 metadata daemon socket.
[[0;32m  OK  [0m] Listening on LVM2 metadata daemon socket.
[   18.85040] stemd[1]: Listening on Device-mapper event daemon FIFOs.

[[0;32m  OK  [0m] Listening on Device-mapper event daemon FIFOs.
[   18.963488] systemd[1]: Set  aomount Arbitrary Executable File Formats File System Automount Point.

[[0;32m  OK  [0m] Set up automount Arbitrary Executab...ats File System Automount Point.
[   19.072380] systemd[1]: Started Forward Password Requests to Wall Directory Watch.
[[0;32m  OK  [0m] Started Forward Password Requests to Wall Directory Watch.
[   19.075480] systemd[1]: Started Trigger resolvconf update for networkd DNS.
[[0;32m  OK  [0m] Started Trigger resolvconf update for networkd DNS.
[   19.090781] systemd[1]: Listening on udev Kernel Socket.
[[0;32m  OK  [0m] Listening on udev Kernel Socket.
[   19.094303] systemd[1]: Listening on Journal Socket (/dev/log).
[[0;32m  OK  [0m] Listening on Journal Socket (/dev/log).
[   19.118236] systemd[1]: Listening on Journal Socket.
[[0;32m  OK  [0m] Listening on Journal Socket.
[   19.130675] systemd[1]: Mounting POSIX Message Queue File System...
[   19.138970] random: nonblocking pool is initialized
         Mounting POSIX Message Queue File System...
[   19.153309] systemd[1]: Starting Uncomplicated firewall...
         Starting Uncomplicated firewall...
[   19.210509] systemd[1]: Starting Load Kernel Modules...
         Starting Load Kernel Modules...
[   19.237608] systemd[1]: Starting Monitoring of LVM2 mirrors, snapshots etc. using dmeventd or progress polling...
         Starting Monitor[   19.314632] Loading iSCSI transport class v2.0-870.
ing of LVM2 mirrors... dmeventd or progress polling...
[   19.336889] systemd[1]: Listening on /dev/initctl Compatibility Named Pipe.
[[0;32m  OK  [0m] Listening on /dev/initctl Compatibility Named Pipe.
[   19.350225] systemd[1]: Reached target User and Group Name Lookups.
[[0;32m  OK  [0m] Reached target User and Group Name Lookups.
[   19.387208] iscsi: registered transport (tcp)
[   19.406490] systemd[1]: Starting Nameserver information manager...
         Starting Nameser[   19.456595] iscsi: registered transport (iser)
ver information manager...
[ 19302] systemd[: Created slice User and Session Slice.

[[0;32m  OK  [0m] Created slice User and Session Slice.
[   19.712535] systemd[1]: Reached target Slices.
[[0;32m  OK  [0m] Reached target Slices.
[   19.746941] systemd[1]: Starting Set console keymap...
         Starting Set console keymap...
[   19.756430] systemd[1]: Listening on Syslog Socket.
[[0;32m  OK  [0m] Listening on Syslog Socket.
[   19.826373] systemd[1]: Starting Journal Service...
         Starting Journal Service...
[   19.846402] systemd[1]: Reached target System Time Synchronized.
[[0;32m  OK  [0m] Reached target System Time Synchronized.
[   19.902836] systemd[1]: Mounting Debug File System...
         Mounting Debug File System...
[   19.929767] systemd[1]: Starting Remount Root and Kernel File Systems...
         [   19.934806] EXT4-fs (sda1): re-mounted. Opts: (null)
Starting Remount Root and Kernel File Systems...
[   19.949918] systemd[1]: Starting Create list of required static device nodes for the current kernel...
         Starting Create list of required st... nodes for the current kernel...
[   20.002526] systemd[1]: Listening on udev Control Socket.
[[0;32m  OK  [0m] Listening on udev Control Socket.
[   20.030909] systemd[1]: Reached target Encrypted Volumes.
[[0;32m  OK  [0m] Reached target Encrypted Volumes.
[   20.082808] systemd[1]: Mounting Huge Pages File System...
         Mounting Huge Pages File System...
[   20.135239] systemd[1]: Mounted Huge Pages File System.
[[0;32m  OK  [0m] Mounted Huge Pages File System.
[   20.166306] systemd[1]: Mounted Debug File System.
[[0;32m  OK  [0m] Mounted Debug File System.
[   20.168435] systemd[1]: Mounted POSIX Message Queue File System.
[[0;32m  OK  [0m] Mounted POSIX Message Queue File System.
[   20.187746] systemd[1]: Started Journal Service.
[[0;32m  OK  [0m] Started Journal Service.
[[0;32m  OK  [0m] Started Uncomplicated firewall.
[[0;32m  OK  [0m] Started Load Kernel Modules.
[[0;32m  OK  [0m] Started Set console keymap.
[[0;32m  OK  [0m] Started Remount Root and Kernel File Systems.
[[0;32m  OK  [0m] Started Create list of required sta...ce nodes for the current kernel.
[[0;32m  OK  [0m] Started Nameserver information manager.
[[0;32m  OK  [0m] Started LVM2 metadata daemon.
         Starting Create Static Device Nodes in /dev...
         Starting udev Coldplug all Devices...
         Starting Load/Save Random Seed...
         Starting Apply Kernel Variables...
         Mounting FUSE Control File System...
         Starting Flush Journal to Persistent Storage...
[[0;32m  OK  [0m] Mounted FUSE Control File System.
[[0;32m  OK  [0m] Started Monitoring of LVM2 mirrors,...ng dmeventd or progress polling.
[[0;32m  OK  [0m] Started Create Static Device Nodes in /dev.
[[0;32m  OK  [0m] Started Load/Save Random Seed.
[[0;32m  OK  [0m] Started Apply Kernel Variables.
[[0;32m  OK  [0m] Started udev Coldplug all Devices.
         Starting udev Kernel Device Manager...
[[0;32m  OK  [0m] Started Flush Journal to Persistent Storage.
[[0;32m  OK  [0m] Started udev Kernel Device Manager.
[[0;32m  OK  [0m] Reached target Local File Systems (Pre).
[[0;32m  OK  [0m] Reached target Local File Systems.
         Starting Initial cloud-init job (pre-networking)...
         Starting Tell Plymouth To Write Out Runtime Data...
         Starting LSB: AppArmor initialization...
         Starting Set console font and keymap...
         Starting Commit a transient machine-id on disk...
[[0;32m  OK  [0m] Started Dispatch Password Requests to Console Directory Watch.
         Starting Create Volatile Files and Directories...
[[0;32m  OK  [0m] Started Tell Plymouth To Write Out Runtime Data.
[[0;32m  OK  [0m] Started Commit a transient machine-id on disk.
[[0;32m  OK  [0m] Started Create Volatile Files and Directories.
[[0;32m  OK  [0m] Found device /dev/ttyS0.
[[0;32m  OK  [0m] Listening on Load/Save RF Kill Switch Status /dev/rfkill Watch.
         Starting Update UTMP about System Boot/Shutdown...
[[0;32m  OK  [0m] Started Update UTMP about System Boot/Shutdown.
[   16.813764] cloud-init[470]: Cloud-init v. 18.2 running 'init-local' at Fri, 22 Jun 2018 12:36:15 +0000. Up 16.38 seconds.
[[0;32m  OK  [0m] Started Set console font and keymap.
[[0;32m  OK  [0m] Created slice system-getty.slice.
[[0;32m  OK  [0m] Started LSB: AppArmor initialization.
[[0;32m  OK  [0m] Started Initial cloud-init job (pre-networking).
[[0;32m  OK  [0m] Reached target Network (Pre).
         Starting Raise network interfaces...
[[0;32m  OK  [0m] Started Raise network interfaces.
[[0;32m  OK  [0m] Reached target Network.
         Starting Initial cloud-init job (metadata service crawler)...
[   17.924299] cloud-init[950]: Cloud-init v. 18.2 running 'init' at Fri, 22 Jun 2018 12:36:16 +0000. Up 17.44 seconds.
[   17.926342] cloud-init[950]: ci-info: ++++++++++++++++++++++++++++++++++++++Net device info++++++++++++++++++++++++++++++++++++++
[   17.932929] cloud-init[950]: ci-info: +--------+-------+----------------------------+---------------+-------+-------------------+
[   17.935468] cloud-init[950]: ci-info: | Device |   Up  |          Address           |      Mask     | Scope |     Hw-Address    |
[   17.937640] cloud-init[950]: ci-info: +--------+-------+----------------------------+---------------+-------+-------------------+
[   17.940054] cloud-init[950]: ci-info: | enp0s3 |  True |         10.0.2.15          | 255.255.255.0 |   .   | 02:c7:c3:8a:9f:23 |
[   17.942210] cloud-init[950]: ci-info: | enp0s3 |  True | fe80::c7:c3ff:fe8a:9f23/64 |       .       |  link | 02:c7:c3:8a:9f:23 |
[   17.954353] cloud-init[950]: ci-info: | enp0s8 | False |             .              |       .       |   .   | 08:00:27:a6:96:4a |
[   18.000529] [[0;32m  OK  [0m] Started Initial cloud-init job (metadata service crawler).
cloud-init[950]: ci-info: |   lo   |  True |         127.0.0.1          |   255.0.0.0   |   .   |         .         |
[   18.013918] [[0;32m  OK  [0m] Reached target Cloud-config availability.
[[0;32m  OK  [0m] Reached target Network is Online.
cloud-init[950]: ci-info: |   lo   |  True |          ::1/128           |       .       |  host |         .         |
[   18.196714]          cloud-initStarting iSCSI initiator daemon (iscsid)...[950]: 
ci-info: +--------+-------+----------------------------+---------------+-------+-------------------+
[   18.384677] [cloud-init[0;32m  OK  [0m[950]: ] ci-info: +++++++++++++++++++++++++++Route IPv4 info++++++++++++++++++++++++++++Reached target System Initialization.

[   18.593368] [[0;32m  OK  [0m] Started Daily apt download activities.
[[0;32m  OK  [0m] Started Daily apt upgrade and clean activities.
[[0;32m  OK  [0m] Listening on ACPID Listen Socket.
cloud-init[950]: ci-info: +-------+-------------+----------+---------------+-----------+-------+
[   18.884453] [cloud-init[0;32m  OK  [0m[950]: ] ci-info: | Route | Destination | Gateway  |    Genmask    | Interface | Flags |Started ACPI Events Check.

[   18.918091] [[0;32m  OK  [0m] Reached target Paths.
cloud-init[950]: ci-info: +-------+-------------+----------+---------------+-----------+-------+
[   19.064383]          cloud-initStarting LXD - unix socket.[950]: 
ci-info: |   0   |   0.0.0.0   | 10.0.2.2 |    0.0.0.0    |   enp0s3  |   UG  |
[   19.089806] [[0;32m  OK  [0m] Listening on UUID daemon activation socket.
         Starting Socket activation for snappy daemon.
[[0;32m  OK  [0m] Listening on D-Bus System Message Bus Socket.
[[0;32m  OK  [0m] Started Daily Cleanup of Temporary Directories.
[[0;32m  OK  [0m] Reached target Timers.
cloud-init[950]: ci-info: |   1   |   10.0.2.0  | 0.0.0.0  | 255.255.255.0 |   enp0s3  |   U   |
[[0;32m  OK  [0m] Listening on LXD - unix socket.
[[0;32m  OK  [0m] Listening on Socket activation for snappy daemon.
[[0;32m  OK  [0m] Started iSCSI initiator daemon (iscsid).
[   19.113979] cloud-init[950]: ci-info: +-------+-------------+----------+---------------+-----------+-------+
[   19.176112] cloud-init[950]: Generating public/private rsa key pair.
[   19.177555] cloud-init[950]: Your identification has been saved in /etc/ssh/ssh_host_rsa_key.
[   19.179279] cloud-init[950]: Your public key has been saved in /etc/ssh/ssh_host_rsa_key.pub.
[   19.225215]          cloud-initStarting Login to default iSCSI targets...[950]: 
The key fingerprint is:
[   19.344589] [[0;32m  OK  [0m] Reached target Sockets.
[[0;32m  OK  [0m] Reached target Basic System.
cloud-init[950]: SHA256:YwebHx2qEhLiKGkoNI4yfCbV2x54WUmEVC5xb77Eedg root@ubuntu-xenial
[   19.385356]          cloud-initStarting System Logging Service...[950]: 
The key's randomart image is:
[   19.516852]          cloud-initStarting LSB: Record successful boot for GRUB...[950]: 
+---[RSA 2048]----+
[   19.637703]          cloud-initStarting Virtualbox guest utils...[950]: 
|      .o+=       |
[   19.668266] [[0;32m  OK  [0m] Started D-Bus System Message Bus.
cloud-init[950]: |    .  .= o      |
[   19.675221] cloud-init[950]: | o.... ..+ o.    |
         Starting Login Service...
[   19.689958] cloud-init[950]: |*+o. .+ +++o+.   |
[   19.720382] cloud-init[950]: |X=.o.o.=S +*.E   |
[   19.720853] cloud-init[950]: |=.+  .oo.=..o    |
[   19.721241] cloud-init[950]: |      ... ..     |
[   19.721370] cloud-init[950]: |       .         |
[   19.721499] cloud-init[950]: |                 |
[   19.721633] cloud-init[950]: +----[SHA256]-----+
[   19.721793] cloud-init[950]: Generating public/private dsa key pair.
[   19.721923] cloud-init[950]: Your identification has been saved in /etc/ssh/ssh_host_dsa_key.
[   19.722067] cloud-init[950]: Your public key has been saved in /etc/ssh/ssh_host_dsa_key.pub.
[   19.722205] cloud-init[950]: The key fingerprint is:
[   19.722341] cloud-init[950]: SHA256:9q4X8irphHRdg7veEcX263iL6Ltd8MjqLyuYsnprerA root@ubuntu-xenial
[   19.722480] cloud-init[950]: The key's randomart image is:
[   19.722671] cloud-init[950]: +---[DSA 1024]----+
[   19.722794] cloud-init[950]: |                 |
[   19.722954] cloud-init[950]: |         . .     |
[   19.723084] cloud-init[950]: |        . o +    |
[   19.723215] cloud-init[950]: |       . o + .   |
[   19.723347] cloud-init[950]: |    . . S . . .  |
[   19.723495] cloud-init[950]: |  .. o ..o.o + . |
[   19.723621] cloud-init[950]: |   o. .+.oo.o +  |
[   19.723751] cloud-init[950]: |  E =.=..o+= =.  |
[   19.723893] cloud-init[950]: |  o*o=..+B@*=.o. |
[   19.724067] cloud-init[950]: +----[SHA256]-----+
[   19.724248] cloud-init[950]: Generating public/private ecdsa key pair.
[   19.724438] cloud-init[950]: Your identification has been saved in /etc/ssh/ssh_host_ecdsa_key.
[   19.724644] cloud-init[950]: Your public key has been saved in /etc/ssh/ssh_host_ecdsa_key.pub.
[   19.724794] cloud-init[950]: The key fingerprint is:
[   19.724920] cloud-init[950]: SHA256:O0ZeeZoAR8/4UERS21RiSO49LocNM9dfL3GjB/SbUyc root@ubuntu-xenial
[   19.725051] cloud-init[950]: The key's randomart image is:
[   19.725189] cloud-init[950]: +---[ECDSA 256]---+
[   19.725416] cloud-init[950]: |        o=*.+..  |
[   19.725537] cloud-init[950]: |       . B.= .   |
[   19.725667] cloud-init[950]: |      . + = ..   |
[   19.725799] cloud-init[950]: |       o + o...  |
[   19.725930] cloud-init[950]: |        S O =.Eo=|
[   19.726083] cloud-init[950]: |       o + % .o=O|
[   19.726233] cloud-init[950]: |        = = +..=o|
[   19.726263] cloud-init[950]: |       . . o  ...|
[   19.726289] cloud-init[950]: |                 |
[   19.726315] cloud-init[950]: +----[SHA256]-----+
[   19.726341] cloud-init[950]: Generating public/private ed25519 key pair.
[   19.726374] cloud-init[950]: Your identification has been saved in /etc/ssh/ssh_host_ed25519_key.
[   19.726405] cloud-init[950]: Your public key has been saved in /etc/ssh/ssh_host_ed25519_key.pub.
[   19.726436] cloud-init[950]: The key fingerprint is:
[   19.726465] cloud-init[950]: SHA256:WZCac8Tzgym/nR0rZzCjbK1lLs5D+PZxR/Bd4rOH0bg root@ubuntu-xenial
[   19.726496] cloud-init[950]: The key's randomart image is:
[   19.726525] cloud-init[950]: +--[ED25519 256]--+
         Starting /etc/rc.local Compatibility...
[   19.726555] cloud-init[950]: |       ...       |
[[   21.411685] cloud-init[950]: |        =.       |
[   21.412112] cloud-init[950]: |       + =. . . .|
[   21.412349] cloud-init[950]: |      = +oo  + =.|
[   21.412705] cloud-init[950]: |       *S  .  B o|
[   21.412869] cloud-init[950]: |      . o + .. * |
[   21.413017] cloud-init[950]: |       + =+*.oE .|
[   21.413170] cloud-init[950]: |       .X+=o=. . |
[   21.413322] cloud-init[950]: |       ++=o+     |
[   21.413475] cloud-init[950]: +----[SHA256]-----+
[0;32m  OK  [0m] Started Deferred execution scheduler.
[[0;32m  OK  [0m] Started ACPI event daemon.
[[0;32m  OK  [0m] Started Regular background program processing daemon.
[[0;32m  OK  [0m] Started Unattended Upgrades Shutdown.
         Starting Apply the settings specified in cloud-config...
         Starting Snappy daemon...
         Starting Accounts Service...
         Starting Pollinate to seed the pseudo random number generator...
         Starting LSB: MD monitoring daemon...
[[0;32m  OK  [0m] Started FUSE filesystem for LXC.
         Starting LXD - container startup/shutdown...
[[0;32m  OK  [0m] Started System Logging Service.
[[0;32m  OK  [0m] Started Snappy daemon.
[[0;32m  OK  [0m] Started /etc/rc.local Compatibility.
[[0;32m  OK  [0m] Started LXD - container startup/shutdown.
[[0;32m  OK  [0m] Started Login to default iSCSI targets.
[[0;32m  OK  [0m] Started LSB: Record successful boot for GRUB.
[[0;32m  OK  [0m] Started Virtualbox guest utils.
[[0;32m  OK  [0m] Started Pollinate to seed the pseudo random number generator.
[[0;32m  OK  [0m] Started LSB: MD monitoring daemon.
[   22.444466] cloud-init[1086]: Generating locales (this might take a while)...
[[0;32m  OK  [0m] Started Login Service.
         Starting Authenticate and Authorize Users to Run Privileged Tasks...
         Starting OpenBSD Secure Shell server...
[[0;32m  OK  [0m] Reached target Remote File Systems (Pre).
[[0;32m  OK  [0m] Reached target Remote File Systems.
         Starting Permit User Sessions...
         Starting LSB: automatic crash report generation...
         Starting LSB: daemon to balance interrupts for SMP systems...
         Starting LSB: Set the CPU Frequency Scaling governor to "ondemand"...
         Starting Wait until snapd is fully seeded...
[[0;32m  OK  [0m] Started OpenBSD Secure Shell server.
[[0;32m  OK  [0m] Started Permit User Sessions.
[[0;32m  OK  [0m] Started Authenticate and Authorize Users to Run Privileged Tasks.
[[0;32m  OK  [0m] Started Accounts Service.
         Starting Terminate Plymouth Boot Screen...
         Starting Hold until boot process finishes up...
[[0;32m  OK  [0m] Started LSB: automatic crash report generation.
[[0;32m  OK  [0m] Started LSB: daemon to balance interrupts for SMP systems.
[[0;32m  OK  [0m] Started LSB: Set the CPU Frequency Scaling governor to "ondemand".
[[0;32m  OK  [0m] Started Terminate Plymouth Boot Screen.
[[0;32m  OK  [0m] Started Hold until boot process finishes up.
         Starting Set console scheme...
[[0;32m  OK  [0m] Started Getty on tty1.
[[0;32m  OK  [0m] Started Serial Getty on ttyS0.
[[0;32m  OK  [0m] Reached target Login Prompts.
[[0;32m  OK  [0m] Started Set console scheme.
[[0;32m  OK  [0m] Created slice User Slice of vagrant.
         Starting User Manager for UID 1000...
[[0;32m  OK  [0m] Started Wait until snapd is fully seeded.
[   23.274577] cloud-init[1086]:   en_US.UTF-8... done
[   23.308584] cloud-init[1086]: Generation complete.
[[0;32m  OK  [0m] Started User Manager for UID 1000.
[[0;32m  OK  [0m] Started Session 1 of user vagrant.
[[0;32m  OK  [0m] Reached target Multi-User System.
[[0;32m  OK  [0m] Reached target Graphical Interface.
         Starting Update UTMP about System Runlevel Changes...
[[0;32m  OK  [0m] Started Update UTMP about System Runlevel Changes.
[   23.585257] cloud-init[1086]: Cloud-init v. 18.2 running 'modules:config' at Fri, 22 Jun 2018 12:36:21 +0000. Up 22.31 seconds.
[[0;32m  OK  [0m] Started Apply the settings specified in cloud-config.
         Starting Execute cloud user/final scripts...
ci-info: no authorized ssh keys fingerprints found for user ubuntu.
<14>Jun 22 12:36:23 ec2: 
<14>Jun 22 12:36:23 ec2: #############################################################
<14>Jun 22 12:36:23 ec2: -----BEGIN SSH HOST KEY FINGERPRINTS-----
<14>Jun 22 12:36:23 ec2: 1024 SHA256:9q4X8irphHRdg7veEcX263iL6Ltd8MjqLyuYsnprerA root@ubuntu-xenial (DSA)
<14>Jun 22 12:36:23 ec2: 256 SHA256:O0ZeeZoAR8/4UERS21RiSO49LocNM9dfL3GjB/SbUyc root@ubuntu-xenial (ECDSA)
<14>Jun 22 12:36:23 ec2: 256 SHA256:WZCac8Tzgym/nR0rZzCjbK1lLs5D+PZxR/Bd4rOH0bg root@ubuntu-xenial (ED25519)
<14>Jun 22 12:36:23 ec2: 2048 SHA256:YwebHx2qEhLiKGkoNI4yfCbV2x54WUmEVC5xb77Eedg root@ubuntu-xenial (RSA)
<14>Jun 22 12:36:23 ec2: -----END SSH HOST KEY FINGERPRINTS-----
<14>Jun 22 12:36:23 ec2: #############################################################
-----BEGIN SSH HOST KEY KEYS-----
ecdsa-sha2-nistp256 AAAAE2VjZHNhLXNoYTItbmlzdHAyNTYAAAAIbmlzdHAyNTYAAABBBDiQTiNwQk1E8bf6wnXnu/WYxR2z4D1Z+bSKz3uT20LHX8T9SU/hbqyijSronq3aGKcuIk+gcJGQcWA5TQBkgRU= root@ubuntu-xenial
ssh-ed25519 AAAAC3NzaC1lZDI1NTE5AAAAIMUebM8ddRNUsCpkEIP67f3KG2aYmE22pdHq0DRAo1qs root@ubuntu-xenial
ssh-rsa AAAAB3NzaC1yc2EAAAADAQABAAABAQD6X48AbnmzudaFfr6LyPw0qisvhKETwA5d+hFtsBGrg9wwcAgywlbGIb64Ga5uRwgmuf0IE+A8YUIKTOuor/QRyxEv46cjVO2ez5JrrN6EcVIJtFmUWTjVjrf1atTnSbCs6MIP1DMGnNhTs9ACHcQHqrGyrazcONsOm+AmiSueVBTKZTNdkB6REopHOKpJ0UMyMzC1Kmr598iVohI9FCx67p5NeqRaRFrB3w85rG2D0mPaOXmCz/83Nr1+TFeepWJtIaXlNsT1LgbnhvtUrbzQ79iCU2nXOY5qMoM3aWKO527zCLQP1PeiU0x85cDgUqy5J8IiYOPou+buGd3LPhSn root@ubuntu-xenial
-----END SSH HOST KEY KEYS-----
[   24.406470] cloud-init[1376]: Cloud-init v. 18.2 running 'modules:final' at Fri, 22 Jun 2018 12:36:22 +0000. Up 24.02 seconds.
[   24.449728] cloud-init[1376]: ci-info: no authorized ssh keys fingerprints found for user ubuntu.
[   24.487712] cloud-init[1376]: Cloud-init v. 18.2 finished at Fri, 22 Jun 2018 12:36:23 +0000. Datasource DataSourceNoCloud [seed=/dev/sdb][dsmode=net].  Up 24.40 seconds
[[0;32m  OK  [0m] Started Execute cloud user/final scripts.
[[0;32m  OK  [0m] Reached target Cloud-init target.

Ubuntu 16.04.4 LTS ubuntu-xenial ttyS0

ubuntu-xenial login: 